[2024-12-04T09:19:13.720+0100][0.004s] CardTable entry size: 512
[2024-12-04T09:19:13.720+0100][0.004s] Using G1
[2024-12-04T09:19:13.806+0100][0.090s] Version: 21+35-LTS-2513 (release)
[2024-12-04T09:19:13.806+0100][0.090s] CPUs: 8 total, 8 available
[2024-12-04T09:19:13.806+0100][0.090s] Memory: 8192M
[2024-12-04T09:19:13.806+0100][0.090s] Large Page Support: Disabled
[2024-12-04T09:19:13.806+0100][0.090s] NUMA Support: Disabled
[2024-12-04T09:19:13.806+0100][0.090s] Compressed Oops: Enabled (Zero based)
[2024-12-04T09:19:13.806+0100][0.090s] Heap Region Size: 1M
[2024-12-04T09:19:13.806+0100][0.090s] Heap Min Capacity: 512M
[2024-12-04T09:19:13.806+0100][0.090s] Heap Initial Capacity: 512M
[2024-12-04T09:19:13.806+0100][0.090s] Heap Max Capacity: 512M
[2024-12-04T09:19:13.806+0100][0.090s] Pre-touch: Enabled
[2024-12-04T09:19:13.806+0100][0.090s] Parallel Workers: 8
[2024-12-04T09:19:13.806+0100][0.090s] Concurrent Workers: 2
[2024-12-04T09:19:13.806+0100][0.090s] Concurrent Refinement Workers: 8
[2024-12-04T09:19:13.806+0100][0.090s] Periodic GC: Disabled
[2024-12-04T09:19:13.808+0100][0.092s] CDS archive(s) mapped at: [0x0000000800000000-0x0000000800ca4000-0x0000000800ca4000), size 13254656, SharedBaseAddress: 0x0000000800000000, ArchiveRelocationMode: 1.
[2024-12-04T09:19:13.808+0100][0.092s] Compressed class space mapped at: 0x0000000801000000-0x0000000841000000, reserved size: 1073741824
[2024-12-04T09:19:13.808+0100][0.092s] Narrow klass base: 0x0000000800000000, Narrow klass shift: 0, Narrow klass range: 0x100000000
[2024-12-04T09:19:14.168+0100][0,452s] GC(0) Pause Young (Normal) (G1 Evacuation Pause)
[2024-12-04T09:19:14.168+0100][0,452s] GC(0) Using 8 workers of 8 for evacuation
[2024-12-04T09:19:14.170+0100][0,454s] GC(0)   Pre Evacuate Collection Set: 0,1ms
[2024-12-04T09:19:14.170+0100][0,454s] GC(0)   Merge Heap Roots: 0,0ms
[2024-12-04T09:19:14.170+0100][0,454s] GC(0)   Evacuate Collection Set: 1,5ms
[2024-12-04T09:19:14.170+0100][0,454s] GC(0)   Post Evacuate Collection Set: 0,2ms
[2024-12-04T09:19:14.170+0100][0,454s] GC(0)   Other: 0,2ms
[2024-12-04T09:19:14.170+0100][0,454s] GC(0) Eden regions: 29->0(54)
[2024-12-04T09:19:14.170+0100][0,454s] GC(0) Survivor regions: 0->4(4)
[2024-12-04T09:19:14.170+0100][0,454s] GC(0) Old regions: 2->2
[2024-12-04T09:19:14.170+0100][0,454s] GC(0) Humongous regions: 0->0
[2024-12-04T09:19:14.170+0100][0,454s] GC(0) Metaspace: 9261K(9536K)->9261K(9536K) NonClass: 8203K(8320K)->8203K(8320K) Class: 1058K(1216K)->1058K(1216K)
[2024-12-04T09:19:14.170+0100][0,454s] GC(0) Pause Young (Normal) (G1 Evacuation Pause) 30M->4M(512M) 2,306ms
[2024-12-04T09:19:14.170+0100][0,454s] GC(0) User=0,01s Sys=0,00s Real=0,01s
[2024-12-04T09:19:14.539+0100][0,823s] GC(1) Pause Young (Normal) (G1 Evacuation Pause)
[2024-12-04T09:19:14.539+0100][0,823s] GC(1) Using 8 workers of 8 for evacuation
[2024-12-04T09:19:14.544+0100][0,828s] GC(1)   Pre Evacuate Collection Set: 0,1ms
[2024-12-04T09:19:14.544+0100][0,828s] GC(1)   Merge Heap Roots: 0,0ms
[2024-12-04T09:19:14.544+0100][0,828s] GC(1)   Evacuate Collection Set: 4,2ms
[2024-12-04T09:19:14.544+0100][0,828s] GC(1)   Post Evacuate Collection Set: 0,3ms
[2024-12-04T09:19:14.544+0100][0,828s] GC(1)   Other: 0,0ms
[2024-12-04T09:19:14.544+0100][0,828s] GC(1) Eden regions: 54->0(150)
[2024-12-04T09:19:14.544+0100][0,828s] GC(1) Survivor regions: 4->8(8)
[2024-12-04T09:19:14.544+0100][0,828s] GC(1) Old regions: 2->9
[2024-12-04T09:19:14.544+0100][0,828s] GC(1) Humongous regions: 4->4
[2024-12-04T09:19:14.544+0100][0,828s] GC(1) Metaspace: 19452K(19840K)->19452K(19840K) NonClass: 17191K(17408K)->17191K(17408K) Class: 2261K(2432K)->2261K(2432K)
[2024-12-04T09:19:14.544+0100][0,828s] GC(1) Pause Young (Normal) (G1 Evacuation Pause) 62M->19M(512M) 4,747ms
[2024-12-04T09:19:14.544+0100][0,828s] GC(1) User=0,03s Sys=0,00s Real=0,01s
[2024-12-04T09:19:14.740+0100][1,024s] GC(2) Pause Young (Concurrent Start) (Metadata GC Threshold)
[2024-12-04T09:19:14.740+0100][1,024s] GC(2) Using 8 workers of 8 for evacuation
[2024-12-04T09:19:14.743+0100][1,027s] GC(2)   Pre Evacuate Collection Set: 0,1ms
[2024-12-04T09:19:14.743+0100][1,027s] GC(2)   Merge Heap Roots: 0,0ms
[2024-12-04T09:19:14.743+0100][1,027s] GC(2)   Evacuate Collection Set: 2,3ms
[2024-12-04T09:19:14.743+0100][1,027s] GC(2)   Post Evacuate Collection Set: 0,3ms
[2024-12-04T09:19:14.743+0100][1,027s] GC(2)   Other: 0,0ms
[2024-12-04T09:19:14.743+0100][1,027s] GC(2) Eden regions: 96->0(294)
[2024-12-04T09:19:14.743+0100][1,027s] GC(2) Survivor regions: 8->13(18)
[2024-12-04T09:19:14.743+0100][1,027s] GC(2) Old regions: 9->9
[2024-12-04T09:19:14.743+0100][1,027s] GC(2) Humongous regions: 4->4
[2024-12-04T09:19:14.743+0100][1,027s] GC(2) Metaspace: 21064K(21504K)->21064K(21504K) NonClass: 18626K(18816K)->18626K(18816K) Class: 2438K(2688K)->2438K(2688K)
[2024-12-04T09:19:14.743+0100][1,027s] GC(2) Pause Young (Concurrent Start) (Metadata GC Threshold) 115M->24M(512M) 2,893ms
[2024-12-04T09:19:14.743+0100][1,027s] GC(3) Concurrent Mark Cycle
[2024-12-04T09:19:14.743+0100][1,027s] GC(2) User=0,01s Sys=0,00s Real=0,00s
[2024-12-04T09:19:14.743+0100][1,027s] GC(3) Concurrent Scan Root Regions
[2024-12-04T09:19:14.744+0100][1,028s] GC(3) Concurrent Scan Root Regions 1,515ms
[2024-12-04T09:19:14.744+0100][1,028s] GC(3) Concurrent Mark
[2024-12-04T09:19:14.744+0100][1,028s] GC(3) Concurrent Mark From Roots
[2024-12-04T09:19:14.744+0100][1,028s] GC(3) Using 2 workers of 2 for marking
[2024-12-04T09:19:14.747+0100][1,031s] GC(3) Concurrent Mark From Roots 2,792ms
[2024-12-04T09:19:14.747+0100][1,031s] GC(3) Concurrent Preclean
[2024-12-04T09:19:14.747+0100][1,031s] GC(3) Concurrent Preclean 0,006ms
[2024-12-04T09:19:14.749+0100][1,033s] GC(3) Pause Remark
[2024-12-04T09:19:14.750+0100][1,034s] GC(3) Pause Remark 25M->25M(512M) 1,066ms
[2024-12-04T09:19:14.750+0100][1,034s] GC(3) User=0,01s Sys=0,00s Real=0,01s
[2024-12-04T09:19:14.750+0100][1,035s] GC(3) Concurrent Mark 6,182ms
[2024-12-04T09:19:14.750+0100][1,035s] GC(3) Concurrent Rebuild Remembered Sets and Scrub Regions
[2024-12-04T09:19:14.752+0100][1,036s] GC(3) Concurrent Rebuild Remembered Sets and Scrub Regions 1,808ms
[2024-12-04T09:19:14.752+0100][1,036s] GC(3) Pause Cleanup
[2024-12-04T09:19:14.752+0100][1,037s] GC(3) Pause Cleanup 25M->25M(512M) 0,061ms
[2024-12-04T09:19:14.752+0100][1,037s] GC(3) User=0,00s Sys=0,00s Real=0,00s
[2024-12-04T09:19:14.752+0100][1,037s] GC(3) Concurrent Clear Claimed Marks
[2024-12-04T09:19:14.752+0100][1,037s] GC(3) Concurrent Clear Claimed Marks 0,009ms
[2024-12-04T09:19:14.752+0100][1,037s] GC(3) Concurrent Cleanup for Next Mark
[2024-12-04T09:19:14.753+0100][1,037s] GC(3) Concurrent Cleanup for Next Mark 0,450ms
[2024-12-04T09:19:14.753+0100][1,037s] GC(3) Concurrent Mark Cycle 10,206ms
[2024-12-04T09:19:15.296+0100][1,580s] GC(4) Pause Young (Prepare Mixed) (Metadata GC Threshold)
[2024-12-04T09:19:15.296+0100][1,580s] GC(4) Using 8 workers of 8 for evacuation
[2024-12-04T09:19:15.300+0100][1,584s] GC(4)   Pre Evacuate Collection Set: 0,1ms
[2024-12-04T09:19:15.300+0100][1,584s] GC(4)   Merge Heap Roots: 0,1ms
[2024-12-04T09:19:15.300+0100][1,584s] GC(4)   Evacuate Collection Set: 3,4ms
[2024-12-04T09:19:15.300+0100][1,584s] GC(4)   Post Evacuate Collection Set: 0,3ms
[2024-12-04T09:19:15.300+0100][1,584s] GC(4)   Other: 0,0ms
[2024-12-04T09:19:15.300+0100][1,584s] GC(4) Eden regions: 80->0(291)
[2024-12-04T09:19:15.300+0100][1,584s] GC(4) Survivor regions: 13->16(39)
[2024-12-04T09:19:15.300+0100][1,584s] GC(4) Old regions: 9->9
[2024-12-04T09:19:15.300+0100][1,584s] GC(4) Humongous regions: 4->4
[2024-12-04T09:19:15.300+0100][1,584s] GC(4) Metaspace: 35647K(36160K)->35647K(36160K) NonClass: 31524K(31808K)->31524K(31808K) Class: 4123K(4352K)->4123K(4352K)
[2024-12-04T09:19:15.300+0100][1,584s] GC(4) Pause Young (Prepare Mixed) (Metadata GC Threshold) 103M->27M(512M) 4,065ms
[2024-12-04T09:19:15.300+0100][1,584s] GC(4) User=0,02s Sys=0,01s Real=0,01s
[2024-12-04T09:19:15.309+0100][1,593s] GC(5) Pause Young (Mixed) (Metadata GC Threshold)
[2024-12-04T09:19:15.309+0100][1,593s] GC(5) Using 8 workers of 8 for evacuation
[2024-12-04T09:19:15.315+0100][1,599s] GC(5)   Pre Evacuate Collection Set: 0,1ms
[2024-12-04T09:19:15.315+0100][1,599s] GC(5)   Merge Heap Roots: 0,0ms
[2024-12-04T09:19:15.315+0100][1,599s] GC(5)   Evacuate Collection Set: 5,1ms
[2024-12-04T09:19:15.315+0100][1,599s] GC(5)   Post Evacuate Collection Set: 0,3ms
[2024-12-04T09:19:15.315+0100][1,599s] GC(5)   Other: 0,0ms
[2024-12-04T09:19:15.315+0100][1,599s] GC(5) Eden regions: 2->0(291)
[2024-12-04T09:19:15.315+0100][1,599s] GC(5) Survivor regions: 16->16(39)
[2024-12-04T09:19:15.315+0100][1,599s] GC(5) Old regions: 9->8
[2024-12-04T09:19:15.315+0100][1,599s] GC(5) Humongous regions: 4->4
[2024-12-04T09:19:15.315+0100][1,599s] GC(5) Metaspace: 35952K(36480K)->35952K(36480K) NonClass: 31798K(32064K)->31798K(32064K) Class: 4153K(4416K)->4153K(4416K)
[2024-12-04T09:19:15.315+0100][1,599s] GC(5) Pause Young (Mixed) (Metadata GC Threshold) 28M->27M(512M) 5,593ms
[2024-12-04T09:19:15.315+0100][1,599s] GC(5) User=0,01s Sys=0,00s Real=0,01s
[2024-12-04T09:19:15.327+0100][1,611s] GC(6) Pause Young (Concurrent Start) (Metadata GC Threshold)
[2024-12-04T09:19:15.327+0100][1,611s] GC(6) Using 8 workers of 8 for evacuation
[2024-12-04T09:19:15.332+0100][1,616s] GC(6)   Pre Evacuate Collection Set: 0,1ms
[2024-12-04T09:19:15.332+0100][1,616s] GC(6)   Merge Heap Roots: 0,0ms
[2024-12-04T09:19:15.332+0100][1,616s] GC(6)   Evacuate Collection Set: 4,2ms
[2024-12-04T09:19:15.332+0100][1,616s] GC(6)   Post Evacuate Collection Set: 0,3ms
[2024-12-04T09:19:15.332+0100][1,616s] GC(6)   Other: 0,0ms
[2024-12-04T09:19:15.332+0100][1,616s] GC(6) Eden regions: 1->0(291)
[2024-12-04T09:19:15.332+0100][1,616s] GC(6) Survivor regions: 16->16(39)
[2024-12-04T09:19:15.332+0100][1,616s] GC(6) Old regions: 8->8
[2024-12-04T09:19:15.332+0100][1,616s] GC(6) Humongous regions: 4->4
[2024-12-04T09:19:15.332+0100][1,616s] GC(6) Metaspace: 36272K(36800K)->36272K(36800K) NonClass: 32080K(32384K)->32080K(32384K) Class: 4191K(4416K)->4191K(4416K)
[2024-12-04T09:19:15.332+0100][1,616s] GC(6) Pause Young (Concurrent Start) (Metadata GC Threshold) 28M->27M(512M) 4,770ms
[2024-12-04T09:19:15.332+0100][1,616s] GC(7) Concurrent Mark Cycle
[2024-12-04T09:19:15.332+0100][1,616s] GC(6) User=0,02s Sys=0,00s Real=0,01s
[2024-12-04T09:19:15.332+0100][1,616s] GC(7) Concurrent Scan Root Regions
[2024-12-04T09:19:15.334+0100][1,618s] GC(7) Concurrent Scan Root Regions 2,331ms
[2024-12-04T09:19:15.334+0100][1,618s] GC(7) Concurrent Mark
[2024-12-04T09:19:15.334+0100][1,618s] GC(7) Concurrent Mark From Roots
[2024-12-04T09:19:15.334+0100][1,618s] GC(7) Using 2 workers of 2 for marking
[2024-12-04T09:19:15.337+0100][1,622s] GC(7) Concurrent Mark From Roots 3,170ms
[2024-12-04T09:19:15.337+0100][1,622s] GC(7) Concurrent Preclean
[2024-12-04T09:19:15.337+0100][1,622s] GC(7) Concurrent Preclean 0,008ms
[2024-12-04T09:19:15.338+0100][1,622s] GC(7) Pause Remark
[2024-12-04T09:19:15.340+0100][1,624s] GC(7) Pause Remark 28M->28M(512M) 1,963ms
[2024-12-04T09:19:15.340+0100][1,624s] GC(7) User=0,00s Sys=0,00s Real=0,01s
[2024-12-04T09:19:15.340+0100][1,624s] GC(7) Concurrent Mark 5,371ms
[2024-12-04T09:19:15.340+0100][1,624s] GC(7) Concurrent Rebuild Remembered Sets and Scrub Regions
[2024-12-04T09:19:15.341+0100][1,626s] GC(7) Concurrent Rebuild Remembered Sets and Scrub Regions 1,834ms
[2024-12-04T09:19:15.341+0100][1,626s] GC(7) Pause Cleanup
[2024-12-04T09:19:15.342+0100][1,626s] GC(7) Pause Cleanup 28M->28M(512M) 0,043ms
[2024-12-04T09:19:15.342+0100][1,626s] GC(7) User=0,00s Sys=0,00s Real=0,00s
[2024-12-04T09:19:15.342+0100][1,626s] GC(7) Concurrent Clear Claimed Marks
[2024-12-04T09:19:15.342+0100][1,626s] GC(7) Concurrent Clear Claimed Marks 0,012ms
[2024-12-04T09:19:15.342+0100][1,626s] GC(7) Concurrent Cleanup for Next Mark
[2024-12-04T09:19:15.342+0100][1,626s] GC(7) Concurrent Cleanup for Next Mark 0,267ms
[2024-12-04T09:19:15.342+0100][1,626s] GC(7) Concurrent Mark Cycle 9,958ms
[2024-12-04T09:19:38.896+0100][25,180s] GC(8) Pause Young (Concurrent Start) (Metadata GC Threshold)
[2024-12-04T09:19:38.897+0100][25,181s] GC(8) Using 8 workers of 8 for evacuation
[2024-12-04T09:19:38.976+0100][25,261s] GC(8)   Pre Evacuate Collection Set: 0,5ms
[2024-12-04T09:19:38.976+0100][25,261s] GC(8)   Merge Heap Roots: 0,3ms
[2024-12-04T09:19:38.976+0100][25,261s] GC(8)   Evacuate Collection Set: 75,5ms
[2024-12-04T09:19:38.976+0100][25,261s] GC(8)   Post Evacuate Collection Set: 2,8ms
[2024-12-04T09:19:38.976+0100][25,261s] GC(8)   Other: 0,5ms
[2024-12-04T09:19:38.976+0100][25,261s] GC(8) Eden regions: 188->0(273)
[2024-12-04T09:19:38.976+0100][25,261s] GC(8) Survivor regions: 16->34(39)
[2024-12-04T09:19:38.976+0100][25,261s] GC(8) Old regions: 8->8
[2024-12-04T09:19:38.976+0100][25,261s] GC(8) Humongous regions: 4->4
[2024-12-04T09:19:38.976+0100][25,261s] GC(8) Metaspace: 61136K(61888K)->61136K(61888K) NonClass: 53615K(54016K)->53615K(54016K) Class: 7520K(7872K)->7520K(7872K)
[2024-12-04T09:19:38.976+0100][25,261s] GC(8) Pause Young (Concurrent Start) (Metadata GC Threshold) 215M->45M(512M) 81,435ms
[2024-12-04T09:19:38.976+0100][25,261s] GC(8) User=0,06s Sys=0,14s Real=0,08s
[2024-12-04T09:19:38.977+0100][25,261s] GC(9) Concurrent Mark Cycle
[2024-12-04T09:19:38.977+0100][25,261s] GC(9) Concurrent Scan Root Regions
[2024-12-04T09:19:38.984+0100][25,268s] GC(9) Concurrent Scan Root Regions 7,322ms
[2024-12-04T09:19:38.984+0100][25,268s] GC(9) Concurrent Mark
[2024-12-04T09:19:38.984+0100][25,268s] GC(9) Concurrent Mark From Roots
[2024-12-04T09:19:38.984+0100][25,268s] GC(9) Using 2 workers of 2 for marking
[2024-12-04T09:19:38.990+0100][25,274s] GC(9) Concurrent Mark From Roots 5,689ms
[2024-12-04T09:19:38.990+0100][25,274s] GC(9) Concurrent Preclean
[2024-12-04T09:19:38.990+0100][25,274s] GC(9) Concurrent Preclean 0,007ms
[2024-12-04T09:19:38.990+0100][25,274s] GC(9) Pause Remark
[2024-12-04T09:19:38.995+0100][25,279s] GC(9) Pause Remark 47M->47M(512M) 5,359ms
[2024-12-04T09:19:38.995+0100][25,279s] GC(9) User=0,00s Sys=0,00s Real=0,00s
[2024-12-04T09:19:38.995+0100][25,280s] GC(9) Concurrent Mark 11,247ms
[2024-12-04T09:19:38.995+0100][25,280s] GC(9) Concurrent Rebuild Remembered Sets and Scrub Regions
[2024-12-04T09:19:38.998+0100][25,283s] GC(9) Concurrent Rebuild Remembered Sets and Scrub Regions 3,233ms
[2024-12-04T09:19:38.998+0100][25,283s] GC(9) Pause Cleanup
[2024-12-04T09:19:38.998+0100][25,283s] GC(9) Pause Cleanup 48M->48M(512M) 0,065ms
[2024-12-04T09:19:38.998+0100][25,283s] GC(9) User=0,00s Sys=0,00s Real=0,00s
[2024-12-04T09:19:38.999+0100][25,283s] GC(9) Concurrent Clear Claimed Marks
[2024-12-04T09:19:38.999+0100][25,283s] GC(9) Concurrent Clear Claimed Marks 0,081ms
[2024-12-04T09:19:38.999+0100][25,283s] GC(9) Concurrent Cleanup for Next Mark
[2024-12-04T09:19:39.001+0100][25,286s] GC(9) Concurrent Cleanup for Next Mark 2,878ms
[2024-12-04T09:19:39.001+0100][25,286s] GC(9) Concurrent Mark Cycle 24,973ms
[2024-12-04T11:47:47.565+0100][5326,646s] Heap
[2024-12-04T11:47:47.565+0100][5326,646s]  garbage-first heap   total 524288K, used 197218K [0x00000007e0000000, 0x0000000800000000)
[2024-12-04T11:47:47.565+0100][5326,646s]   region size 1024K, 181 young (185344K), 34 survivors (34816K)
[2024-12-04T11:47:47.565+0100][5326,646s]  Metaspace       used 64129K, committed 65024K, reserved 1114112K
[2024-12-04T11:47:47.565+0100][5326,646s]   class space    used 7705K, committed 8128K, reserved 1048576K
