[2024-12-12T15:45:01.404+0100][0.005s] CardTable entry size: 512
[2024-12-12T15:45:01.404+0100][0.006s] Using G1
[2024-12-12T15:45:01.489+0100][0.090s] Version: 21+35-LTS-2513 (release)
[2024-12-12T15:45:01.489+0100][0.091s] CPUs: 8 total, 8 available
[2024-12-12T15:45:01.489+0100][0.091s] Memory: 8192M
[2024-12-12T15:45:01.489+0100][0.091s] Large Page Support: Disabled
[2024-12-12T15:45:01.489+0100][0.091s] NUMA Support: Disabled
[2024-12-12T15:45:01.489+0100][0.091s] Compressed Oops: Enabled (Zero based)
[2024-12-12T15:45:01.489+0100][0.091s] Heap Region Size: 1M
[2024-12-12T15:45:01.489+0100][0.091s] Heap Min Capacity: 512M
[2024-12-12T15:45:01.489+0100][0.091s] Heap Initial Capacity: 512M
[2024-12-12T15:45:01.489+0100][0.091s] Heap Max Capacity: 512M
[2024-12-12T15:45:01.489+0100][0.091s] Pre-touch: Enabled
[2024-12-12T15:45:01.489+0100][0.091s] Parallel Workers: 8
[2024-12-12T15:45:01.489+0100][0.091s] Concurrent Workers: 2
[2024-12-12T15:45:01.489+0100][0.091s] Concurrent Refinement Workers: 8
[2024-12-12T15:45:01.489+0100][0.091s] Periodic GC: Disabled
[2024-12-12T15:45:01.493+0100][0.095s] CDS archive(s) mapped at: [0x000000f000000000-0x000000f000ca4000-0x000000f000ca4000), size 13254656, SharedBaseAddress: 0x000000f000000000, ArchiveRelocationMode: 1.
[2024-12-12T15:45:01.493+0100][0.095s] Compressed class space mapped at: 0x000000f001000000-0x000000f041000000, reserved size: 1073741824
[2024-12-12T15:45:01.494+0100][0.095s] Narrow klass base: 0x000000f000000000, Narrow klass shift: 0, Narrow klass range: 0x100000000
[2024-12-12T15:45:01.971+0100][0,572s] GC(0) Pause Young (Normal) (G1 Evacuation Pause)
[2024-12-12T15:45:01.971+0100][0,572s] GC(0) Using 8 workers of 8 for evacuation
[2024-12-12T15:45:01.973+0100][0,574s] GC(0)   Pre Evacuate Collection Set: 0,1ms
[2024-12-12T15:45:01.973+0100][0,574s] GC(0)   Merge Heap Roots: 0,2ms
[2024-12-12T15:45:01.973+0100][0,574s] GC(0)   Evacuate Collection Set: 1,7ms
[2024-12-12T15:45:01.973+0100][0,574s] GC(0)   Post Evacuate Collection Set: 0,2ms
[2024-12-12T15:45:01.973+0100][0,574s] GC(0)   Other: 0,2ms
[2024-12-12T15:45:01.973+0100][0,574s] GC(0) Eden regions: 29->0(54)
[2024-12-12T15:45:01.973+0100][0,574s] GC(0) Survivor regions: 0->4(4)
[2024-12-12T15:45:01.973+0100][0,574s] GC(0) Old regions: 2->2
[2024-12-12T15:45:01.973+0100][0,574s] GC(0) Humongous regions: 0->0
[2024-12-12T15:45:01.973+0100][0,574s] GC(0) Metaspace: 9236K(9472K)->9236K(9472K) NonClass: 8181K(8256K)->8181K(8256K) Class: 1055K(1216K)->1055K(1216K)
[2024-12-12T15:45:01.973+0100][0,575s] GC(0) Pause Young (Normal) (G1 Evacuation Pause) 30M->4M(512M) 2,866ms
[2024-12-12T15:45:01.973+0100][0,575s] GC(0) User=0,01s Sys=0,00s Real=0,00s
[2024-12-12T15:45:02.327+0100][0,928s] GC(1) Pause Young (Normal) (G1 Evacuation Pause)
[2024-12-12T15:45:02.327+0100][0,928s] GC(1) Using 8 workers of 8 for evacuation
[2024-12-12T15:45:02.332+0100][0,933s] GC(1)   Pre Evacuate Collection Set: 0,1ms
[2024-12-12T15:45:02.332+0100][0,933s] GC(1)   Merge Heap Roots: 0,0ms
[2024-12-12T15:45:02.332+0100][0,933s] GC(1)   Evacuate Collection Set: 4,3ms
[2024-12-12T15:45:02.332+0100][0,933s] GC(1)   Post Evacuate Collection Set: 0,3ms
[2024-12-12T15:45:02.332+0100][0,933s] GC(1)   Other: 0,0ms
[2024-12-12T15:45:02.332+0100][0,933s] GC(1) Eden regions: 54->0(147)
[2024-12-12T15:45:02.332+0100][0,933s] GC(1) Survivor regions: 4->8(8)
[2024-12-12T15:45:02.332+0100][0,933s] GC(1) Old regions: 2->9
[2024-12-12T15:45:02.332+0100][0,933s] GC(1) Humongous regions: 4->4
[2024-12-12T15:45:02.332+0100][0,933s] GC(1) Metaspace: 19447K(19840K)->19447K(19840K) NonClass: 17186K(17408K)->17186K(17408K) Class: 2261K(2432K)->2261K(2432K)
[2024-12-12T15:45:02.332+0100][0,933s] GC(1) Pause Young (Normal) (G1 Evacuation Pause) 62M->19M(512M) 4,829ms
[2024-12-12T15:45:02.332+0100][0,933s] GC(1) User=0,03s Sys=0,01s Real=0,01s
[2024-12-12T15:45:02.549+0100][1,150s] GC(2) Pause Young (Concurrent Start) (Metadata GC Threshold)
[2024-12-12T15:45:02.549+0100][1,150s] GC(2) Using 8 workers of 8 for evacuation
[2024-12-12T15:45:02.553+0100][1,154s] GC(2)   Pre Evacuate Collection Set: 0,1ms
[2024-12-12T15:45:02.553+0100][1,155s] GC(2)   Merge Heap Roots: 0,0ms
[2024-12-12T15:45:02.553+0100][1,155s] GC(2)   Evacuate Collection Set: 4,0ms
[2024-12-12T15:45:02.553+0100][1,155s] GC(2)   Post Evacuate Collection Set: 0,2ms
[2024-12-12T15:45:02.553+0100][1,155s] GC(2)   Other: 0,0ms
[2024-12-12T15:45:02.553+0100][1,155s] GC(2) Eden regions: 102->0(294)
[2024-12-12T15:45:02.553+0100][1,155s] GC(2) Survivor regions: 8->13(17)
[2024-12-12T15:45:02.553+0100][1,155s] GC(2) Old regions: 9->9
[2024-12-12T15:45:02.553+0100][1,155s] GC(2) Humongous regions: 4->4
[2024-12-12T15:45:02.553+0100][1,155s] GC(2) Metaspace: 21064K(21504K)->21064K(21504K) NonClass: 18626K(18816K)->18626K(18816K) Class: 2438K(2688K)->2438K(2688K)
[2024-12-12T15:45:02.553+0100][1,155s] GC(2) Pause Young (Concurrent Start) (Metadata GC Threshold) 120M->24M(512M) 4,592ms
[2024-12-12T15:45:02.553+0100][1,155s] GC(3) Concurrent Mark Cycle
[2024-12-12T15:45:02.553+0100][1,155s] GC(2) User=0,02s Sys=0,01s Real=0,01s
[2024-12-12T15:45:02.553+0100][1,155s] GC(3) Concurrent Scan Root Regions
[2024-12-12T15:45:02.555+0100][1,156s] GC(3) Concurrent Scan Root Regions 1,806ms
[2024-12-12T15:45:02.555+0100][1,156s] GC(3) Concurrent Mark
[2024-12-12T15:45:02.555+0100][1,156s] GC(3) Concurrent Mark From Roots
[2024-12-12T15:45:02.555+0100][1,156s] GC(3) Using 2 workers of 2 for marking
[2024-12-12T15:45:02.558+0100][1,159s] GC(3) Concurrent Mark From Roots 2,815ms
[2024-12-12T15:45:02.558+0100][1,159s] GC(3) Concurrent Preclean
[2024-12-12T15:45:02.558+0100][1,159s] GC(3) Concurrent Preclean 0,032ms
[2024-12-12T15:45:02.559+0100][1,160s] GC(3) Pause Remark
[2024-12-12T15:45:02.560+0100][1,161s] GC(3) Pause Remark 25M->25M(512M) 0,907ms
[2024-12-12T15:45:02.560+0100][1,161s] GC(3) User=0,00s Sys=0,00s Real=0,01s
[2024-12-12T15:45:02.560+0100][1,161s] GC(3) Concurrent Mark 4,821ms
[2024-12-12T15:45:02.560+0100][1,161s] GC(3) Concurrent Rebuild Remembered Sets and Scrub Regions
[2024-12-12T15:45:02.562+0100][1,163s] GC(3) Concurrent Rebuild Remembered Sets and Scrub Regions 1,595ms
[2024-12-12T15:45:02.562+0100][1,163s] GC(3) Pause Cleanup
[2024-12-12T15:45:02.562+0100][1,163s] GC(3) Pause Cleanup 25M->25M(512M) 0,048ms
[2024-12-12T15:45:02.562+0100][1,163s] GC(3) User=0,00s Sys=0,00s Real=0,00s
[2024-12-12T15:45:02.562+0100][1,163s] GC(3) Concurrent Clear Claimed Marks
[2024-12-12T15:45:02.562+0100][1,163s] GC(3) Concurrent Clear Claimed Marks 0,014ms
[2024-12-12T15:45:02.562+0100][1,163s] GC(3) Concurrent Cleanup for Next Mark
[2024-12-12T15:45:02.562+0100][1,164s] GC(3) Concurrent Cleanup for Next Mark 0,811ms
[2024-12-12T15:45:02.562+0100][1,164s] GC(3) Concurrent Mark Cycle 9,188ms
[2024-12-12T15:45:03.101+0100][1,702s] GC(4) Pause Young (Prepare Mixed) (Metadata GC Threshold)
[2024-12-12T15:45:03.101+0100][1,702s] GC(4) Using 8 workers of 8 for evacuation
[2024-12-12T15:45:03.105+0100][1,706s] GC(4)   Pre Evacuate Collection Set: 0,1ms
[2024-12-12T15:45:03.105+0100][1,706s] GC(4)   Merge Heap Roots: 0,1ms
[2024-12-12T15:45:03.105+0100][1,706s] GC(4)   Evacuate Collection Set: 3,6ms
[2024-12-12T15:45:03.105+0100][1,706s] GC(4)   Post Evacuate Collection Set: 0,3ms
[2024-12-12T15:45:03.105+0100][1,706s] GC(4)   Other: 0,0ms
[2024-12-12T15:45:03.105+0100][1,706s] GC(4) Eden regions: 79->0(291)
[2024-12-12T15:45:03.105+0100][1,706s] GC(4) Survivor regions: 13->16(39)
[2024-12-12T15:45:03.105+0100][1,706s] GC(4) Old regions: 9->9
[2024-12-12T15:45:03.105+0100][1,706s] GC(4) Humongous regions: 4->4
[2024-12-12T15:45:03.105+0100][1,706s] GC(4) Metaspace: 35600K(36160K)->35600K(36160K) NonClass: 31482K(31744K)->31482K(31744K) Class: 4117K(4416K)->4117K(4416K)
[2024-12-12T15:45:03.105+0100][1,706s] GC(4) Pause Young (Prepare Mixed) (Metadata GC Threshold) 102M->27M(512M) 4,158ms
[2024-12-12T15:45:03.105+0100][1,706s] GC(4) User=0,02s Sys=0,00s Real=0,00s
[2024-12-12T15:45:03.112+0100][1,714s] GC(5) Pause Young (Mixed) (Metadata GC Threshold)
[2024-12-12T15:45:03.112+0100][1,714s] GC(5) Using 8 workers of 8 for evacuation
[2024-12-12T15:45:03.116+0100][1,717s] GC(5)   Pre Evacuate Collection Set: 0,1ms
[2024-12-12T15:45:03.116+0100][1,717s] GC(5)   Merge Heap Roots: 0,0ms
[2024-12-12T15:45:03.116+0100][1,717s] GC(5)   Evacuate Collection Set: 2,7ms
[2024-12-12T15:45:03.116+0100][1,717s] GC(5)   Post Evacuate Collection Set: 0,3ms
[2024-12-12T15:45:03.116+0100][1,717s] GC(5)   Other: 0,0ms
[2024-12-12T15:45:03.116+0100][1,717s] GC(5) Eden regions: 2->0(291)
[2024-12-12T15:45:03.116+0100][1,717s] GC(5) Survivor regions: 16->16(39)
[2024-12-12T15:45:03.116+0100][1,717s] GC(5) Old regions: 9->8
[2024-12-12T15:45:03.116+0100][1,717s] GC(5) Humongous regions: 4->4
[2024-12-12T15:45:03.116+0100][1,717s] GC(5) Metaspace: 35959K(36480K)->35959K(36480K) NonClass: 31802K(32064K)->31802K(32064K) Class: 4156K(4416K)->4156K(4416K)
[2024-12-12T15:45:03.116+0100][1,717s] GC(5) Pause Young (Mixed) (Metadata GC Threshold) 28M->27M(512M) 3,232ms
[2024-12-12T15:45:03.116+0100][1,717s] GC(5) User=0,02s Sys=0,00s Real=0,00s
[2024-12-12T15:45:03.125+0100][1,727s] GC(6) Pause Young (Concurrent Start) (Metadata GC Threshold)
[2024-12-12T15:45:03.125+0100][1,727s] GC(6) Using 8 workers of 8 for evacuation
[2024-12-12T15:45:03.129+0100][1,730s] GC(6)   Pre Evacuate Collection Set: 0,1ms
[2024-12-12T15:45:03.129+0100][1,730s] GC(6)   Merge Heap Roots: 0,0ms
[2024-12-12T15:45:03.129+0100][1,730s] GC(6)   Evacuate Collection Set: 2,8ms
[2024-12-12T15:45:03.129+0100][1,730s] GC(6)   Post Evacuate Collection Set: 0,3ms
[2024-12-12T15:45:03.129+0100][1,730s] GC(6)   Other: 0,0ms
[2024-12-12T15:45:03.129+0100][1,730s] GC(6) Eden regions: 1->0(291)
[2024-12-12T15:45:03.129+0100][1,730s] GC(6) Survivor regions: 16->16(39)
[2024-12-12T15:45:03.129+0100][1,730s] GC(6) Old regions: 8->8
[2024-12-12T15:45:03.129+0100][1,730s] GC(6) Humongous regions: 4->4
[2024-12-12T15:45:03.129+0100][1,730s] GC(6) Metaspace: 36213K(36800K)->36213K(36800K) NonClass: 32028K(32384K)->32028K(32384K) Class: 4185K(4416K)->4185K(4416K)
[2024-12-12T15:45:03.129+0100][1,730s] GC(6) Pause Young (Concurrent Start) (Metadata GC Threshold) 28M->27M(512M) 3,308ms
[2024-12-12T15:45:03.129+0100][1,730s] GC(6) User=0,01s Sys=0,00s Real=0,00s
[2024-12-12T15:45:03.129+0100][1,730s] GC(7) Concurrent Mark Cycle
[2024-12-12T15:45:03.129+0100][1,730s] GC(7) Concurrent Scan Root Regions
[2024-12-12T15:45:03.131+0100][1,732s] GC(7) Concurrent Scan Root Regions 2,409ms
[2024-12-12T15:45:03.131+0100][1,732s] GC(7) Concurrent Mark
[2024-12-12T15:45:03.131+0100][1,733s] GC(7) Concurrent Mark From Roots
[2024-12-12T15:45:03.131+0100][1,733s] GC(7) Using 2 workers of 2 for marking
[2024-12-12T15:45:03.135+0100][1,737s] GC(7) Concurrent Mark From Roots 4,040ms
[2024-12-12T15:45:03.135+0100][1,737s] GC(7) Concurrent Preclean
[2024-12-12T15:45:03.135+0100][1,737s] GC(7) Concurrent Preclean 0,025ms
[2024-12-12T15:45:03.136+0100][1,737s] GC(7) Pause Remark
[2024-12-12T15:45:03.137+0100][1,739s] GC(7) Pause Remark 28M->28M(512M) 1,861ms
[2024-12-12T15:45:03.137+0100][1,739s] GC(7) User=0,01s Sys=0,00s Real=0,00s
[2024-12-12T15:45:03.137+0100][1,739s] GC(7) Concurrent Mark 6,251ms
[2024-12-12T15:45:03.137+0100][1,739s] GC(7) Concurrent Rebuild Remembered Sets and Scrub Regions
[2024-12-12T15:45:03.139+0100][1,741s] GC(7) Concurrent Rebuild Remembered Sets and Scrub Regions 1,911ms
[2024-12-12T15:45:03.139+0100][1,741s] GC(7) Pause Cleanup
[2024-12-12T15:45:03.139+0100][1,741s] GC(7) Pause Cleanup 29M->29M(512M) 0,075ms
[2024-12-12T15:45:03.140+0100][1,741s] GC(7) User=0,00s Sys=0,00s Real=0,01s
[2024-12-12T15:45:03.140+0100][1,741s] GC(7) Concurrent Clear Claimed Marks
[2024-12-12T15:45:03.140+0100][1,741s] GC(7) Concurrent Clear Claimed Marks 0,011ms
[2024-12-12T15:45:03.140+0100][1,741s] GC(7) Concurrent Cleanup for Next Mark
[2024-12-12T15:45:03.140+0100][1,741s] GC(7) Concurrent Cleanup for Next Mark 0,261ms
[2024-12-12T15:45:03.140+0100][1,741s] GC(7) Concurrent Mark Cycle 11,051ms
[2024-12-12T15:45:23.205+0100][21,806s] GC(8) Pause Young (Prepare Mixed) (Metadata GC Threshold)
[2024-12-12T15:45:23.205+0100][21,806s] GC(8) Using 8 workers of 8 for evacuation
[2024-12-12T15:45:23.260+0100][21,862s] GC(8)   Pre Evacuate Collection Set: 0,6ms
[2024-12-12T15:45:23.260+0100][21,862s] GC(8)   Merge Heap Roots: 0,2ms
[2024-12-12T15:45:23.260+0100][21,862s] GC(8)   Evacuate Collection Set: 53,4ms
[2024-12-12T15:45:23.260+0100][21,862s] GC(8)   Post Evacuate Collection Set: 1,0ms
[2024-12-12T15:45:23.260+0100][21,862s] GC(8)   Other: 0,1ms
[2024-12-12T15:45:23.260+0100][21,862s] GC(8) Eden regions: 187->0(272)
[2024-12-12T15:45:23.260+0100][21,862s] GC(8) Survivor regions: 16->35(39)
[2024-12-12T15:45:23.260+0100][21,862s] GC(8) Old regions: 8->8
[2024-12-12T15:45:23.260+0100][21,862s] GC(8) Humongous regions: 4->4
[2024-12-12T15:45:23.260+0100][21,862s] GC(8) Metaspace: 61001K(61760K)->61001K(61760K) NonClass: 53502K(53888K)->53502K(53888K) Class: 7499K(7872K)->7499K(7872K)
[2024-12-12T15:45:23.260+0100][21,862s] GC(8) Pause Young (Prepare Mixed) (Metadata GC Threshold) 214M->46M(512M) 55,755ms
[2024-12-12T15:45:23.261+0100][21,862s] GC(8) User=0,07s Sys=0,13s Real=0,06s
[2024-12-12T15:46:41.845+0100][100,446s] GC(9) Pause Young (Mixed) (Metadata GC Threshold)
[2024-12-12T15:46:41.845+0100][100,446s] GC(9) Using 8 workers of 8 for evacuation
[2024-12-12T15:46:41.867+0100][100,468s] GC(9)   Pre Evacuate Collection Set: 0,2ms
[2024-12-12T15:46:41.867+0100][100,468s] GC(9)   Merge Heap Roots: 0,1ms
[2024-12-12T15:46:41.867+0100][100,468s] GC(9)   Evacuate Collection Set: 20,0ms
[2024-12-12T15:46:41.867+0100][100,468s] GC(9)   Post Evacuate Collection Set: 0,9ms
[2024-12-12T15:46:41.867+0100][100,468s] GC(9)   Other: 0,1ms
[2024-12-12T15:46:41.867+0100][100,468s] GC(9) Eden regions: 10->0(287)
[2024-12-12T15:46:41.867+0100][100,468s] GC(9) Survivor regions: 35->20(39)
[2024-12-12T15:46:41.867+0100][100,468s] GC(9) Old regions: 8->23
[2024-12-12T15:46:41.867+0100][100,468s] GC(9) Humongous regions: 4->4
[2024-12-12T15:46:41.867+0100][100,468s] GC(9) Metaspace: 61330K(62080K)->61330K(62080K) NonClass: 53822K(54208K)->53822K(54208K) Class: 7507K(7872K)->7507K(7872K)
[2024-12-12T15:46:41.867+0100][100,468s] GC(9) Pause Young (Mixed) (Metadata GC Threshold) 55M->45M(512M) 21,549ms
[2024-12-12T15:46:41.867+0100][100,468s] GC(9) User=0,06s Sys=0,04s Real=0,02s
[2024-12-12T15:46:41.906+0100][100,507s] GC(10) Pause Young (Concurrent Start) (Metadata GC Threshold)
[2024-12-12T15:46:41.906+0100][100,508s] GC(10) Using 8 workers of 8 for evacuation
[2024-12-12T15:46:41.914+0100][100,515s] GC(10)   Pre Evacuate Collection Set: 0,1ms
[2024-12-12T15:46:41.914+0100][100,515s] GC(10)   Merge Heap Roots: 0,0ms
[2024-12-12T15:46:41.914+0100][100,515s] GC(10)   Evacuate Collection Set: 6,6ms
[2024-12-12T15:46:41.914+0100][100,515s] GC(10)   Post Evacuate Collection Set: 0,3ms
[2024-12-12T15:46:41.914+0100][100,515s] GC(10)   Other: 0,0ms
[2024-12-12T15:46:41.914+0100][100,515s] GC(10) Eden regions: 9->0(290)
[2024-12-12T15:46:41.914+0100][100,515s] GC(10) Survivor regions: 20->17(39)
[2024-12-12T15:46:41.914+0100][100,515s] GC(10) Old regions: 23->23
[2024-12-12T15:46:41.914+0100][100,515s] GC(10) Humongous regions: 4->4
[2024-12-12T15:46:41.914+0100][100,515s] GC(10) Metaspace: 61629K(62400K)->61629K(62400K) NonClass: 54079K(54464K)->54079K(54464K) Class: 7549K(7936K)->7549K(7936K)
[2024-12-12T15:46:41.914+0100][100,515s] GC(10) Pause Young (Concurrent Start) (Metadata GC Threshold) 54M->42M(512M) 7,196ms
[2024-12-12T15:46:41.914+0100][100,515s] GC(10) User=0,02s Sys=0,02s Real=0,01s
[2024-12-12T15:46:41.914+0100][100,515s] GC(11) Concurrent Mark Cycle
[2024-12-12T15:46:41.914+0100][100,515s] GC(11) Concurrent Scan Root Regions
[2024-12-12T15:46:41.917+0100][100,518s] GC(11) Concurrent Scan Root Regions 3,665ms
[2024-12-12T15:46:41.917+0100][100,518s] GC(11) Concurrent Mark
[2024-12-12T15:46:41.917+0100][100,518s] GC(11) Concurrent Mark From Roots
[2024-12-12T15:46:41.917+0100][100,518s] GC(11) Using 2 workers of 2 for marking
[2024-12-12T15:46:41.920+0100][100,521s] GC(11) Concurrent Mark From Roots 3,088ms
[2024-12-12T15:46:41.920+0100][100,521s] GC(11) Concurrent Mark Abort
[2024-12-12T15:46:41.920+0100][100,522s] GC(11) Concurrent Mark Cycle 6,817ms
[2024-12-12T15:46:41.921+0100][100,522s] Heap
[2024-12-12T15:46:41.921+0100][100,522s]  garbage-first heap   total 524288K, used 49665K [0x00000007e0000000, 0x0000000800000000)
[2024-12-12T15:46:41.921+0100][100,522s]   region size 1024K, 23 young (23552K), 17 survivors (17408K)
[2024-12-12T15:46:41.921+0100][100,522s]  Metaspace       used 61674K, committed 62528K, reserved 1114112K
[2024-12-12T15:46:41.921+0100][100,522s]   class space    used 7557K, committed 7936K, reserved 1048576K
