[2024-12-09T13:41:01.421+0100][0.004s] CardTable entry size: 512
[2024-12-09T13:41:01.421+0100][0.004s] Using G1
[2024-12-09T13:41:01.503+0100][0.085s] Version: 21+35-LTS-2513 (release)
[2024-12-09T13:41:01.503+0100][0.085s] CPUs: 8 total, 8 available
[2024-12-09T13:41:01.503+0100][0.085s] Memory: 8192M
[2024-12-09T13:41:01.503+0100][0.085s] Large Page Support: Disabled
[2024-12-09T13:41:01.503+0100][0.085s] NUMA Support: Disabled
[2024-12-09T13:41:01.503+0100][0.085s] Compressed Oops: Enabled (Zero based)
[2024-12-09T13:41:01.503+0100][0.085s] Heap Region Size: 1M
[2024-12-09T13:41:01.503+0100][0.085s] Heap Min Capacity: 512M
[2024-12-09T13:41:01.503+0100][0.085s] Heap Initial Capacity: 512M
[2024-12-09T13:41:01.503+0100][0.085s] Heap Max Capacity: 512M
[2024-12-09T13:41:01.503+0100][0.085s] Pre-touch: Enabled
[2024-12-09T13:41:01.503+0100][0.085s] Parallel Workers: 8
[2024-12-09T13:41:01.503+0100][0.085s] Concurrent Workers: 2
[2024-12-09T13:41:01.503+0100][0.085s] Concurrent Refinement Workers: 8
[2024-12-09T13:41:01.503+0100][0.085s] Periodic GC: Disabled
[2024-12-09T13:41:01.507+0100][0.089s] CDS archive(s) mapped at: [0x000000c800000000-0x000000c800ca4000-0x000000c800ca4000), size 13254656, SharedBaseAddress: 0x000000c800000000, ArchiveRelocationMode: 1.
[2024-12-09T13:41:01.507+0100][0.089s] Compressed class space mapped at: 0x000000c801000000-0x000000c841000000, reserved size: 1073741824
[2024-12-09T13:41:01.507+0100][0.089s] Narrow klass base: 0x000000c800000000, Narrow klass shift: 0, Narrow klass range: 0x100000000
[2024-12-09T13:41:01.858+0100][0,441s] GC(0) Pause Young (Normal) (G1 Evacuation Pause)
[2024-12-09T13:41:01.859+0100][0,441s] GC(0) Using 8 workers of 8 for evacuation
[2024-12-09T13:41:01.860+0100][0,443s] GC(0)   Pre Evacuate Collection Set: 0,1ms
[2024-12-09T13:41:01.860+0100][0,443s] GC(0)   Merge Heap Roots: 0,2ms
[2024-12-09T13:41:01.860+0100][0,443s] GC(0)   Evacuate Collection Set: 1,2ms
[2024-12-09T13:41:01.860+0100][0,443s] GC(0)   Post Evacuate Collection Set: 0,2ms
[2024-12-09T13:41:01.860+0100][0,443s] GC(0)   Other: 0,2ms
[2024-12-09T13:41:01.860+0100][0,443s] GC(0) Eden regions: 29->0(54)
[2024-12-09T13:41:01.860+0100][0,443s] GC(0) Survivor regions: 0->4(4)
[2024-12-09T13:41:01.860+0100][0,443s] GC(0) Old regions: 2->2
[2024-12-09T13:41:01.860+0100][0,443s] GC(0) Humongous regions: 0->0
[2024-12-09T13:41:01.860+0100][0,443s] GC(0) Metaspace: 9235K(9472K)->9235K(9472K) NonClass: 8179K(8256K)->8179K(8256K) Class: 1055K(1216K)->1055K(1216K)
[2024-12-09T13:41:01.860+0100][0,443s] GC(0) Pause Young (Normal) (G1 Evacuation Pause) 30M->4M(512M) 2,330ms
[2024-12-09T13:41:01.861+0100][0,443s] GC(0) User=0,01s Sys=0,00s Real=0,01s
[2024-12-09T13:41:02.256+0100][0,839s] GC(1) Pause Young (Normal) (G1 Evacuation Pause)
[2024-12-09T13:41:02.256+0100][0,839s] GC(1) Using 8 workers of 8 for evacuation
[2024-12-09T13:41:02.260+0100][0,843s] GC(1)   Pre Evacuate Collection Set: 0,1ms
[2024-12-09T13:41:02.260+0100][0,843s] GC(1)   Merge Heap Roots: 0,0ms
[2024-12-09T13:41:02.260+0100][0,843s] GC(1)   Evacuate Collection Set: 3,7ms
[2024-12-09T13:41:02.260+0100][0,843s] GC(1)   Post Evacuate Collection Set: 0,3ms
[2024-12-09T13:41:02.260+0100][0,843s] GC(1)   Other: 0,0ms
[2024-12-09T13:41:02.260+0100][0,843s] GC(1) Eden regions: 54->0(148)
[2024-12-09T13:41:02.260+0100][0,843s] GC(1) Survivor regions: 4->8(8)
[2024-12-09T13:41:02.260+0100][0,843s] GC(1) Old regions: 2->9
[2024-12-09T13:41:02.260+0100][0,843s] GC(1) Humongous regions: 4->4
[2024-12-09T13:41:02.260+0100][0,843s] GC(1) Metaspace: 19471K(19840K)->19471K(19840K) NonClass: 17210K(17408K)->17210K(17408K) Class: 2261K(2432K)->2261K(2432K)
[2024-12-09T13:41:02.260+0100][0,843s] GC(1) Pause Young (Normal) (G1 Evacuation Pause) 62M->19M(512M) 4,226ms
[2024-12-09T13:41:02.260+0100][0,843s] GC(1) User=0,02s Sys=0,01s Real=0,01s
[2024-12-09T13:41:02.465+0100][1,048s] GC(2) Pause Young (Concurrent Start) (Metadata GC Threshold)
[2024-12-09T13:41:02.465+0100][1,048s] GC(2) Using 8 workers of 8 for evacuation
[2024-12-09T13:41:02.468+0100][1,051s] GC(2)   Pre Evacuate Collection Set: 0,1ms
[2024-12-09T13:41:02.468+0100][1,051s] GC(2)   Merge Heap Roots: 0,0ms
[2024-12-09T13:41:02.468+0100][1,051s] GC(2)   Evacuate Collection Set: 2,5ms
[2024-12-09T13:41:02.468+0100][1,051s] GC(2)   Post Evacuate Collection Set: 0,2ms
[2024-12-09T13:41:02.468+0100][1,051s] GC(2)   Other: 0,0ms
[2024-12-09T13:41:02.468+0100][1,051s] GC(2) Eden regions: 102->0(294)
[2024-12-09T13:41:02.468+0100][1,051s] GC(2) Survivor regions: 8->13(17)
[2024-12-09T13:41:02.468+0100][1,051s] GC(2) Old regions: 9->9
[2024-12-09T13:41:02.468+0100][1,051s] GC(2) Humongous regions: 4->4
[2024-12-09T13:41:02.468+0100][1,051s] GC(2) Metaspace: 21049K(21504K)->21049K(21504K) NonClass: 18618K(18816K)->18618K(18816K) Class: 2431K(2688K)->2431K(2688K)
[2024-12-09T13:41:02.468+0100][1,051s] GC(2) Pause Young (Concurrent Start) (Metadata GC Threshold) 121M->24M(512M) 3,083ms
[2024-12-09T13:41:02.468+0100][1,051s] GC(3) Concurrent Mark Cycle
[2024-12-09T13:41:02.468+0100][1,051s] GC(2) User=0,01s Sys=0,00s Real=0,00s
[2024-12-09T13:41:02.468+0100][1,051s] GC(3) Concurrent Scan Root Regions
[2024-12-09T13:41:02.470+0100][1,053s] GC(3) Concurrent Scan Root Regions 1,642ms
[2024-12-09T13:41:02.470+0100][1,053s] GC(3) Concurrent Mark
[2024-12-09T13:41:02.470+0100][1,053s] GC(3) Concurrent Mark From Roots
[2024-12-09T13:41:02.470+0100][1,053s] GC(3) Using 2 workers of 2 for marking
[2024-12-09T13:41:02.472+0100][1,055s] GC(3) Concurrent Mark From Roots 2,656ms
[2024-12-09T13:41:02.472+0100][1,055s] GC(3) Concurrent Preclean
[2024-12-09T13:41:02.472+0100][1,055s] GC(3) Concurrent Preclean 0,030ms
[2024-12-09T13:41:02.473+0100][1,055s] GC(3) Pause Remark
[2024-12-09T13:41:02.473+0100][1,056s] GC(3) Pause Remark 25M->25M(512M) 0,895ms
[2024-12-09T13:41:02.473+0100][1,056s] GC(3) User=0,01s Sys=0,00s Real=0,00s
[2024-12-09T13:41:02.473+0100][1,056s] GC(3) Concurrent Mark 3,684ms
[2024-12-09T13:41:02.473+0100][1,056s] GC(3) Concurrent Rebuild Remembered Sets and Scrub Regions
[2024-12-09T13:41:02.475+0100][1,058s] GC(3) Concurrent Rebuild Remembered Sets and Scrub Regions 1,543ms
[2024-12-09T13:41:02.475+0100][1,058s] GC(3) Pause Cleanup
[2024-12-09T13:41:02.475+0100][1,058s] GC(3) Pause Cleanup 25M->25M(512M) 0,078ms
[2024-12-09T13:41:02.475+0100][1,058s] GC(3) User=0,00s Sys=0,00s Real=0,00s
[2024-12-09T13:41:02.475+0100][1,058s] GC(3) Concurrent Clear Claimed Marks
[2024-12-09T13:41:02.475+0100][1,058s] GC(3) Concurrent Clear Claimed Marks 0,009ms
[2024-12-09T13:41:02.475+0100][1,058s] GC(3) Concurrent Cleanup for Next Mark
[2024-12-09T13:41:02.476+0100][1,059s] GC(3) Concurrent Cleanup for Next Mark 0,608ms
[2024-12-09T13:41:02.476+0100][1,059s] GC(3) Concurrent Mark Cycle 7,712ms
[2024-12-09T13:41:02.954+0100][1,537s] GC(4) Pause Young (Prepare Mixed) (Metadata GC Threshold)
[2024-12-09T13:41:02.954+0100][1,537s] GC(4) Using 8 workers of 8 for evacuation
[2024-12-09T13:41:02.959+0100][1,542s] GC(4)   Pre Evacuate Collection Set: 0,1ms
[2024-12-09T13:41:02.959+0100][1,542s] GC(4)   Merge Heap Roots: 0,0ms
[2024-12-09T13:41:02.959+0100][1,542s] GC(4)   Evacuate Collection Set: 3,8ms
[2024-12-09T13:41:02.959+0100][1,542s] GC(4)   Post Evacuate Collection Set: 0,3ms
[2024-12-09T13:41:02.959+0100][1,542s] GC(4)   Other: 0,0ms
[2024-12-09T13:41:02.959+0100][1,542s] GC(4) Eden regions: 73->0(291)
[2024-12-09T13:41:02.959+0100][1,542s] GC(4) Survivor regions: 13->16(39)
[2024-12-09T13:41:02.959+0100][1,542s] GC(4) Old regions: 9->9
[2024-12-09T13:41:02.959+0100][1,542s] GC(4) Humongous regions: 4->4
[2024-12-09T13:41:02.959+0100][1,542s] GC(4) Metaspace: 35605K(36160K)->35605K(36160K) NonClass: 31486K(31808K)->31486K(31808K) Class: 4119K(4352K)->4119K(4352K)
[2024-12-09T13:41:02.959+0100][1,542s] GC(4) Pause Young (Prepare Mixed) (Metadata GC Threshold) 96M->26M(512M) 4,383ms
[2024-12-09T13:41:02.959+0100][1,542s] GC(4) User=0,02s Sys=0,00s Real=0,00s
[2024-12-09T13:41:02.967+0100][1,550s] GC(5) Pause Young (Mixed) (Metadata GC Threshold)
[2024-12-09T13:41:02.967+0100][1,550s] GC(5) Using 8 workers of 8 for evacuation
[2024-12-09T13:41:02.970+0100][1,553s] GC(5)   Pre Evacuate Collection Set: 0,1ms
[2024-12-09T13:41:02.970+0100][1,553s] GC(5)   Merge Heap Roots: 0,0ms
[2024-12-09T13:41:02.970+0100][1,553s] GC(5)   Evacuate Collection Set: 2,7ms
[2024-12-09T13:41:02.970+0100][1,553s] GC(5)   Post Evacuate Collection Set: 0,2ms
[2024-12-09T13:41:02.970+0100][1,553s] GC(5)   Other: 0,0ms
[2024-12-09T13:41:02.970+0100][1,553s] GC(5) Eden regions: 2->0(291)
[2024-12-09T13:41:02.970+0100][1,553s] GC(5) Survivor regions: 16->16(39)
[2024-12-09T13:41:02.970+0100][1,553s] GC(5) Old regions: 9->8
[2024-12-09T13:41:02.970+0100][1,553s] GC(5) Humongous regions: 4->4
[2024-12-09T13:41:02.970+0100][1,553s] GC(5) Metaspace: 35883K(36480K)->35883K(36480K) NonClass: 31734K(32064K)->31734K(32064K) Class: 4148K(4416K)->4148K(4416K)
[2024-12-09T13:41:02.970+0100][1,553s] GC(5) Pause Young (Mixed) (Metadata GC Threshold) 27M->27M(512M) 3,152ms
[2024-12-09T13:41:02.970+0100][1,553s] GC(5) User=0,02s Sys=0,00s Real=0,01s
[2024-12-09T13:41:02.981+0100][1,564s] GC(6) Pause Young (Concurrent Start) (Metadata GC Threshold)
[2024-12-09T13:41:02.981+0100][1,564s] GC(6) Using 8 workers of 8 for evacuation
[2024-12-09T13:41:02.984+0100][1,567s] GC(6)   Pre Evacuate Collection Set: 0,1ms
[2024-12-09T13:41:02.984+0100][1,567s] GC(6)   Merge Heap Roots: 0,0ms
[2024-12-09T13:41:02.984+0100][1,567s] GC(6)   Evacuate Collection Set: 2,8ms
[2024-12-09T13:41:02.984+0100][1,567s] GC(6)   Post Evacuate Collection Set: 0,2ms
[2024-12-09T13:41:02.984+0100][1,567s] GC(6)   Other: 0,0ms
[2024-12-09T13:41:02.984+0100][1,567s] GC(6) Eden regions: 2->0(290)
[2024-12-09T13:41:02.984+0100][1,567s] GC(6) Survivor regions: 16->17(39)
[2024-12-09T13:41:02.984+0100][1,567s] GC(6) Old regions: 8->8
[2024-12-09T13:41:02.984+0100][1,567s] GC(6) Humongous regions: 4->4
[2024-12-09T13:41:02.984+0100][1,567s] GC(6) Metaspace: 36263K(36800K)->36263K(36800K) NonClass: 32073K(32384K)->32073K(32384K) Class: 4189K(4416K)->4189K(4416K)
[2024-12-09T13:41:02.984+0100][1,567s] GC(6) Pause Young (Concurrent Start) (Metadata GC Threshold) 29M->28M(512M) 3,266ms
[2024-12-09T13:41:02.984+0100][1,567s] GC(7) Concurrent Mark Cycle
[2024-12-09T13:41:02.984+0100][1,567s] GC(6) User=0,02s Sys=0,00s Real=0,00s
[2024-12-09T13:41:02.984+0100][1,567s] GC(7) Concurrent Scan Root Regions
[2024-12-09T13:41:02.987+0100][1,569s] GC(7) Concurrent Scan Root Regions 2,076ms
[2024-12-09T13:41:02.987+0100][1,569s] GC(7) Concurrent Mark
[2024-12-09T13:41:02.987+0100][1,569s] GC(7) Concurrent Mark From Roots
[2024-12-09T13:41:02.987+0100][1,569s] GC(7) Using 2 workers of 2 for marking
[2024-12-09T13:41:02.989+0100][1,572s] GC(7) Concurrent Mark From Roots 2,747ms
[2024-12-09T13:41:02.989+0100][1,572s] GC(7) Concurrent Preclean
[2024-12-09T13:41:02.989+0100][1,572s] GC(7) Concurrent Preclean 0,008ms
[2024-12-09T13:41:02.990+0100][1,573s] GC(7) Pause Remark
[2024-12-09T13:41:02.991+0100][1,574s] GC(7) Pause Remark 29M->29M(512M) 1,279ms
[2024-12-09T13:41:02.991+0100][1,574s] GC(7) User=0,00s Sys=0,00s Real=0,00s
[2024-12-09T13:41:02.991+0100][1,574s] GC(7) Concurrent Mark 4,442ms
[2024-12-09T13:41:02.991+0100][1,574s] GC(7) Concurrent Rebuild Remembered Sets and Scrub Regions
[2024-12-09T13:41:02.993+0100][1,575s] GC(7) Concurrent Rebuild Remembered Sets and Scrub Regions 1,554ms
[2024-12-09T13:41:02.993+0100][1,575s] GC(7) Pause Cleanup
[2024-12-09T13:41:02.993+0100][1,576s] GC(7) Pause Cleanup 29M->29M(512M) 0,066ms
[2024-12-09T13:41:02.993+0100][1,576s] GC(7) User=0,00s Sys=0,00s Real=0,00s
[2024-12-09T13:41:02.993+0100][1,576s] GC(7) Concurrent Clear Claimed Marks
[2024-12-09T13:41:02.993+0100][1,576s] GC(7) Concurrent Clear Claimed Marks 0,008ms
[2024-12-09T13:41:02.993+0100][1,576s] GC(7) Concurrent Cleanup for Next Mark
[2024-12-09T13:41:02.993+0100][1,576s] GC(7) Concurrent Cleanup for Next Mark 0,225ms
[2024-12-09T13:41:02.993+0100][1,576s] GC(7) Concurrent Mark Cycle 8,479ms
[2024-12-09T13:41:41.517+0100][40,100s] GC(8) Pause Young (Concurrent Start) (Metadata GC Threshold)
[2024-12-09T13:41:41.517+0100][40,100s] GC(8) Using 8 workers of 8 for evacuation
[2024-12-09T13:41:41.573+0100][40,156s] GC(8)   Pre Evacuate Collection Set: 0,4ms
[2024-12-09T13:41:41.573+0100][40,156s] GC(8)   Merge Heap Roots: 0,1ms
[2024-12-09T13:41:41.573+0100][40,156s] GC(8)   Evacuate Collection Set: 54,2ms
[2024-12-09T13:41:41.573+0100][40,156s] GC(8)   Post Evacuate Collection Set: 1,2ms
[2024-12-09T13:41:41.573+0100][40,156s] GC(8)   Other: 0,1ms
[2024-12-09T13:41:41.573+0100][40,156s] GC(8) Eden regions: 187->0(273)
[2024-12-09T13:41:41.573+0100][40,156s] GC(8) Survivor regions: 17->34(39)
[2024-12-09T13:41:41.573+0100][40,156s] GC(8) Old regions: 8->8
[2024-12-09T13:41:41.573+0100][40,156s] GC(8) Humongous regions: 4->4
[2024-12-09T13:41:41.573+0100][40,156s] GC(8) Metaspace: 61130K(61888K)->61130K(61888K) NonClass: 53602K(54016K)->53602K(54016K) Class: 7528K(7872K)->7528K(7872K)
[2024-12-09T13:41:41.573+0100][40,156s] GC(8) Pause Young (Concurrent Start) (Metadata GC Threshold) 215M->45M(512M) 56,250ms
[2024-12-09T13:41:41.573+0100][40,156s] GC(8) User=0,07s Sys=0,18s Real=0,06s
[2024-12-09T13:41:41.573+0100][40,156s] GC(9) Concurrent Mark Cycle
[2024-12-09T13:41:41.573+0100][40,156s] GC(9) Concurrent Scan Root Regions
[2024-12-09T13:41:41.579+0100][40,162s] GC(9) Concurrent Scan Root Regions 5,840ms
[2024-12-09T13:41:41.579+0100][40,162s] GC(9) Concurrent Mark
[2024-12-09T13:41:41.579+0100][40,162s] GC(9) Concurrent Mark From Roots
[2024-12-09T13:41:41.579+0100][40,162s] GC(9) Using 2 workers of 2 for marking
[2024-12-09T13:41:41.584+0100][40,167s] GC(9) Concurrent Mark From Roots 4,655ms
[2024-12-09T13:41:41.584+0100][40,167s] GC(9) Concurrent Preclean
[2024-12-09T13:41:41.584+0100][40,167s] GC(9) Concurrent Preclean 0,008ms
[2024-12-09T13:41:41.584+0100][40,167s] GC(9) Pause Remark
[2024-12-09T13:41:41.586+0100][40,169s] GC(9) Pause Remark 47M->47M(512M) 2,576ms
[2024-12-09T13:41:41.586+0100][40,169s] GC(9) User=0,01s Sys=0,01s Real=0,00s
[2024-12-09T13:41:41.586+0100][40,169s] GC(9) Concurrent Mark 7,398ms
[2024-12-09T13:41:41.586+0100][40,169s] GC(9) Concurrent Rebuild Remembered Sets and Scrub Regions
[2024-12-09T13:41:41.588+0100][40,171s] GC(9) Concurrent Rebuild Remembered Sets and Scrub Regions 1,622ms
[2024-12-09T13:41:41.588+0100][40,171s] GC(9) Pause Cleanup
[2024-12-09T13:41:41.588+0100][40,171s] GC(9) Pause Cleanup 47M->47M(512M) 0,063ms
[2024-12-09T13:41:41.588+0100][40,171s] GC(9) User=0,00s Sys=0,00s Real=0,00s
[2024-12-09T13:41:41.588+0100][40,171s] GC(9) Concurrent Clear Claimed Marks
[2024-12-09T13:41:41.588+0100][40,171s] GC(9) Concurrent Clear Claimed Marks 0,015ms
[2024-12-09T13:41:41.588+0100][40,171s] GC(9) Concurrent Cleanup for Next Mark
[2024-12-09T13:41:41.589+0100][40,172s] GC(9) Concurrent Cleanup for Next Mark 1,169ms
[2024-12-09T13:41:41.589+0100][40,172s] GC(9) Concurrent Mark Cycle 16,222ms
[2024-12-12T14:24:26.105+0100][37320,240s] Heap
[2024-12-12T14:24:26.107+0100][37320,242s]  garbage-first heap   total 524288K, used 177511K [0x00000007e0000000, 0x0000000800000000)
[2024-12-12T14:24:26.107+0100][37320,242s]   region size 1024K, 162 young (165888K), 34 survivors (34816K)
[2024-12-12T14:24:26.107+0100][37320,242s]  Metaspace       used 63469K, committed 64256K, reserved 1114112K
[2024-12-12T14:24:26.107+0100][37320,242s]   class space    used 7702K, committed 8064K, reserved 1048576K
