[2024-12-16T10:56:20.251+0100][0.004s] CardTable entry size: 512
[2024-12-16T10:56:20.251+0100][0.004s] Using G1
[2024-12-16T10:56:20.348+0100][0.101s] Version: 21+35-LTS-2513 (release)
[2024-12-16T10:56:20.348+0100][0.101s] CPUs: 8 total, 8 available
[2024-12-16T10:56:20.348+0100][0.101s] Memory: 8192M
[2024-12-16T10:56:20.348+0100][0.101s] Large Page Support: Disabled
[2024-12-16T10:56:20.348+0100][0.101s] NUMA Support: Disabled
[2024-12-16T10:56:20.348+0100][0.101s] Compressed Oops: Enabled (Zero based)
[2024-12-16T10:56:20.348+0100][0.101s] Heap Region Size: 1M
[2024-12-16T10:56:20.348+0100][0.101s] Heap Min Capacity: 512M
[2024-12-16T10:56:20.348+0100][0.101s] Heap Initial Capacity: 512M
[2024-12-16T10:56:20.348+0100][0.101s] Heap Max Capacity: 512M
[2024-12-16T10:56:20.348+0100][0.101s] Pre-touch: Enabled
[2024-12-16T10:56:20.348+0100][0.101s] Parallel Workers: 8
[2024-12-16T10:56:20.348+0100][0.101s] Concurrent Workers: 2
[2024-12-16T10:56:20.348+0100][0.101s] Concurrent Refinement Workers: 8
[2024-12-16T10:56:20.348+0100][0.101s] Periodic GC: Disabled
[2024-12-16T10:56:20.368+0100][0.121s] CDS archive(s) mapped at: [0x0000007000000000-0x0000007000ca4000-0x0000007000ca4000), size 13254656, SharedBaseAddress: 0x0000007000000000, ArchiveRelocationMode: 1.
[2024-12-16T10:56:20.368+0100][0.121s] Compressed class space mapped at: 0x0000007001000000-0x0000007041000000, reserved size: 1073741824
[2024-12-16T10:56:20.368+0100][0.121s] Narrow klass base: 0x0000007000000000, Narrow klass shift: 0, Narrow klass range: 0x100000000
[2024-12-16T10:56:20.862+0100][0,615s] GC(0) Pause Young (Normal) (G1 Evacuation Pause)
[2024-12-16T10:56:20.862+0100][0,616s] GC(0) Using 8 workers of 8 for evacuation
[2024-12-16T10:56:20.866+0100][0,619s] GC(0)   Pre Evacuate Collection Set: 0,1ms
[2024-12-16T10:56:20.866+0100][0,619s] GC(0)   Merge Heap Roots: 0,3ms
[2024-12-16T10:56:20.866+0100][0,619s] GC(0)   Evacuate Collection Set: 2,3ms
[2024-12-16T10:56:20.866+0100][0,619s] GC(0)   Post Evacuate Collection Set: 0,4ms
[2024-12-16T10:56:20.866+0100][0,619s] GC(0)   Other: 0,4ms
[2024-12-16T10:56:20.866+0100][0,619s] GC(0) Eden regions: 29->0(53)
[2024-12-16T10:56:20.866+0100][0,619s] GC(0) Survivor regions: 0->4(4)
[2024-12-16T10:56:20.866+0100][0,619s] GC(0) Old regions: 2->2
[2024-12-16T10:56:20.866+0100][0,619s] GC(0) Humongous regions: 0->0
[2024-12-16T10:56:20.866+0100][0,619s] GC(0) Metaspace: 9239K(9472K)->9239K(9472K) NonClass: 8182K(8256K)->8182K(8256K) Class: 1057K(1216K)->1057K(1216K)
[2024-12-16T10:56:20.866+0100][0,619s] GC(0) Pause Young (Normal) (G1 Evacuation Pause) 30M->4M(512M) 3,810ms
[2024-12-16T10:56:20.866+0100][0,619s] GC(0) User=0,01s Sys=0,00s Real=0,00s
[2024-12-16T10:56:21.294+0100][1,047s] GC(1) Pause Young (Normal) (G1 Evacuation Pause)
[2024-12-16T10:56:21.294+0100][1,047s] GC(1) Using 8 workers of 8 for evacuation
[2024-12-16T10:56:21.301+0100][1,054s] GC(1)   Pre Evacuate Collection Set: 0,1ms
[2024-12-16T10:56:21.301+0100][1,054s] GC(1)   Merge Heap Roots: 0,0ms
[2024-12-16T10:56:21.301+0100][1,054s] GC(1)   Evacuate Collection Set: 6,1ms
[2024-12-16T10:56:21.301+0100][1,054s] GC(1)   Post Evacuate Collection Set: 0,3ms
[2024-12-16T10:56:21.301+0100][1,054s] GC(1)   Other: 0,0ms
[2024-12-16T10:56:21.301+0100][1,054s] GC(1) Eden regions: 53->0(143)
[2024-12-16T10:56:21.301+0100][1,054s] GC(1) Survivor regions: 4->8(8)
[2024-12-16T10:56:21.301+0100][1,054s] GC(1) Old regions: 2->9
[2024-12-16T10:56:21.301+0100][1,054s] GC(1) Humongous regions: 4->4
[2024-12-16T10:56:21.301+0100][1,054s] GC(1) Metaspace: 19411K(19776K)->19411K(19776K) NonClass: 17150K(17344K)->17150K(17344K) Class: 2261K(2432K)->2261K(2432K)
[2024-12-16T10:56:21.301+0100][1,054s] GC(1) Pause Young (Normal) (G1 Evacuation Pause) 61M->19M(512M) 6,672ms
[2024-12-16T10:56:21.301+0100][1,054s] GC(1) User=0,03s Sys=0,01s Real=0,01s
[2024-12-16T10:56:21.512+0100][1,265s] GC(2) Pause Young (Concurrent Start) (Metadata GC Threshold)
[2024-12-16T10:56:21.512+0100][1,265s] GC(2) Using 8 workers of 8 for evacuation
[2024-12-16T10:56:21.518+0100][1,271s] GC(2)   Pre Evacuate Collection Set: 0,2ms
[2024-12-16T10:56:21.518+0100][1,272s] GC(2)   Merge Heap Roots: 0,0ms
[2024-12-16T10:56:21.518+0100][1,272s] GC(2)   Evacuate Collection Set: 6,2ms
[2024-12-16T10:56:21.518+0100][1,272s] GC(2)   Post Evacuate Collection Set: 0,2ms
[2024-12-16T10:56:21.518+0100][1,272s] GC(2)   Other: 0,0ms
[2024-12-16T10:56:21.518+0100][1,272s] GC(2) Eden regions: 103->0(293)
[2024-12-16T10:56:21.518+0100][1,272s] GC(2) Survivor regions: 8->14(17)
[2024-12-16T10:56:21.518+0100][1,272s] GC(2) Old regions: 9->9
[2024-12-16T10:56:21.518+0100][1,272s] GC(2) Humongous regions: 4->4
[2024-12-16T10:56:21.518+0100][1,272s] GC(2) Metaspace: 21072K(21504K)->21072K(21504K) NonClass: 18624K(18816K)->18624K(18816K) Class: 2448K(2688K)->2448K(2688K)
[2024-12-16T10:56:21.518+0100][1,272s] GC(2) Pause Young (Concurrent Start) (Metadata GC Threshold) 121M->25M(512M) 6,706ms
[2024-12-16T10:56:21.518+0100][1,272s] GC(3) Concurrent Mark Cycle
[2024-12-16T10:56:21.518+0100][1,272s] GC(2) User=0,01s Sys=0,01s Real=0,00s
[2024-12-16T10:56:21.518+0100][1,272s] GC(3) Concurrent Scan Root Regions
[2024-12-16T10:56:21.520+0100][1,273s] GC(3) Concurrent Scan Root Regions 1,535ms
[2024-12-16T10:56:21.520+0100][1,273s] GC(3) Concurrent Mark
[2024-12-16T10:56:21.520+0100][1,273s] GC(3) Concurrent Mark From Roots
[2024-12-16T10:56:21.520+0100][1,273s] GC(3) Using 2 workers of 2 for marking
[2024-12-16T10:56:21.523+0100][1,276s] GC(3) Concurrent Mark From Roots 3,073ms
[2024-12-16T10:56:21.523+0100][1,276s] GC(3) Concurrent Preclean
[2024-12-16T10:56:21.523+0100][1,276s] GC(3) Concurrent Preclean 0,029ms
[2024-12-16T10:56:21.523+0100][1,276s] GC(3) Pause Remark
[2024-12-16T10:56:21.524+0100][1,277s] GC(3) Pause Remark 26M->26M(512M) 0,911ms
[2024-12-16T10:56:21.524+0100][1,277s] GC(3) User=0,01s Sys=0,00s Real=0,00s
[2024-12-16T10:56:21.524+0100][1,277s] GC(3) Concurrent Mark 4,106ms
[2024-12-16T10:56:21.524+0100][1,277s] GC(3) Concurrent Rebuild Remembered Sets and Scrub Regions
[2024-12-16T10:56:21.526+0100][1,279s] GC(3) Concurrent Rebuild Remembered Sets and Scrub Regions 1,573ms
[2024-12-16T10:56:21.526+0100][1,279s] GC(3) Pause Cleanup
[2024-12-16T10:56:21.526+0100][1,279s] GC(3) Pause Cleanup 26M->26M(512M) 0,049ms
[2024-12-16T10:56:21.526+0100][1,279s] GC(3) User=0,00s Sys=0,00s Real=0,00s
[2024-12-16T10:56:21.526+0100][1,279s] GC(3) Concurrent Clear Claimed Marks
[2024-12-16T10:56:21.526+0100][1,279s] GC(3) Concurrent Clear Claimed Marks 0,010ms
[2024-12-16T10:56:21.526+0100][1,279s] GC(3) Concurrent Cleanup for Next Mark
[2024-12-16T10:56:21.527+0100][1,280s] GC(3) Concurrent Cleanup for Next Mark 1,008ms
[2024-12-16T10:56:21.527+0100][1,280s] GC(3) Concurrent Mark Cycle 8,384ms
[2024-12-16T10:56:21.993+0100][1,746s] GC(4) Pause Young (Prepare Mixed) (Metadata GC Threshold)
[2024-12-16T10:56:21.993+0100][1,746s] GC(4) Using 8 workers of 8 for evacuation
[2024-12-16T10:56:21.997+0100][1,750s] GC(4)   Pre Evacuate Collection Set: 0,1ms
[2024-12-16T10:56:21.997+0100][1,750s] GC(4)   Merge Heap Roots: 0,0ms
[2024-12-16T10:56:21.997+0100][1,750s] GC(4)   Evacuate Collection Set: 3,5ms
[2024-12-16T10:56:21.997+0100][1,750s] GC(4)   Post Evacuate Collection Set: 0,3ms
[2024-12-16T10:56:21.997+0100][1,750s] GC(4)   Other: 0,0ms
[2024-12-16T10:56:21.997+0100][1,750s] GC(4) Eden regions: 73->0(290)
[2024-12-16T10:56:21.997+0100][1,750s] GC(4) Survivor regions: 14->17(39)
[2024-12-16T10:56:21.997+0100][1,750s] GC(4) Old regions: 9->9
[2024-12-16T10:56:21.997+0100][1,750s] GC(4) Humongous regions: 4->4
[2024-12-16T10:56:21.997+0100][1,750s] GC(4) Metaspace: 35555K(36096K)->35555K(36096K) NonClass: 31435K(31744K)->31435K(31744K) Class: 4119K(4352K)->4119K(4352K)
[2024-12-16T10:56:21.997+0100][1,750s] GC(4) Pause Young (Prepare Mixed) (Metadata GC Threshold) 97M->27M(512M) 4,002ms
[2024-12-16T10:56:21.997+0100][1,750s] GC(4) User=0,02s Sys=0,00s Real=0,00s
[2024-12-16T10:56:22.005+0100][1,758s] GC(5) Pause Young (Mixed) (Metadata GC Threshold)
[2024-12-16T10:56:22.005+0100][1,758s] GC(5) Using 8 workers of 8 for evacuation
[2024-12-16T10:56:22.009+0100][1,762s] GC(5)   Pre Evacuate Collection Set: 0,1ms
[2024-12-16T10:56:22.009+0100][1,762s] GC(5)   Merge Heap Roots: 0,0ms
[2024-12-16T10:56:22.009+0100][1,762s] GC(5)   Evacuate Collection Set: 3,3ms
[2024-12-16T10:56:22.009+0100][1,762s] GC(5)   Post Evacuate Collection Set: 0,3ms
[2024-12-16T10:56:22.009+0100][1,762s] GC(5)   Other: 0,0ms
[2024-12-16T10:56:22.009+0100][1,762s] GC(5) Eden regions: 2->0(290)
[2024-12-16T10:56:22.009+0100][1,762s] GC(5) Survivor regions: 17->17(39)
[2024-12-16T10:56:22.009+0100][1,762s] GC(5) Old regions: 9->8
[2024-12-16T10:56:22.009+0100][1,762s] GC(5) Humongous regions: 4->4
[2024-12-16T10:56:22.009+0100][1,762s] GC(5) Metaspace: 35900K(36416K)->35900K(36416K) NonClass: 31742K(32000K)->31742K(32000K) Class: 4157K(4416K)->4157K(4416K)
[2024-12-16T10:56:22.009+0100][1,762s] GC(5) Pause Young (Mixed) (Metadata GC Threshold) 28M->28M(512M) 3,787ms
[2024-12-16T10:56:22.009+0100][1,762s] GC(5) User=0,02s Sys=0,00s Real=0,00s
[2024-12-16T10:56:22.018+0100][1,772s] GC(6) Pause Young (Concurrent Start) (Metadata GC Threshold)
[2024-12-16T10:56:22.018+0100][1,772s] GC(6) Using 8 workers of 8 for evacuation
[2024-12-16T10:56:22.022+0100][1,775s] GC(6)   Pre Evacuate Collection Set: 0,1ms
[2024-12-16T10:56:22.022+0100][1,775s] GC(6)   Merge Heap Roots: 0,0ms
[2024-12-16T10:56:22.022+0100][1,775s] GC(6)   Evacuate Collection Set: 3,1ms
[2024-12-16T10:56:22.022+0100][1,775s] GC(6)   Post Evacuate Collection Set: 0,3ms
[2024-12-16T10:56:22.022+0100][1,775s] GC(6)   Other: 0,0ms
[2024-12-16T10:56:22.022+0100][1,775s] GC(6) Eden regions: 1->0(291)
[2024-12-16T10:56:22.022+0100][1,775s] GC(6) Survivor regions: 17->16(39)
[2024-12-16T10:56:22.022+0100][1,775s] GC(6) Old regions: 8->8
[2024-12-16T10:56:22.022+0100][1,775s] GC(6) Humongous regions: 4->4
[2024-12-16T10:56:22.022+0100][1,775s] GC(6) Metaspace: 36176K(36736K)->36176K(36736K) NonClass: 31988K(32320K)->31988K(32320K) Class: 4188K(4416K)->4188K(4416K)
[2024-12-16T10:56:22.022+0100][1,775s] GC(6) Pause Young (Concurrent Start) (Metadata GC Threshold) 29M->27M(512M) 3,620ms
[2024-12-16T10:56:22.022+0100][1,775s] GC(6) User=0,02s Sys=0,00s Real=0,01s
[2024-12-16T10:56:22.022+0100][1,775s] GC(7) Concurrent Mark Cycle
[2024-12-16T10:56:22.022+0100][1,775s] GC(7) Concurrent Scan Root Regions
[2024-12-16T10:56:22.024+0100][1,777s] GC(7) Concurrent Scan Root Regions 2,127ms
[2024-12-16T10:56:22.024+0100][1,777s] GC(7) Concurrent Mark
[2024-12-16T10:56:22.024+0100][1,777s] GC(7) Concurrent Mark From Roots
[2024-12-16T10:56:22.024+0100][1,777s] GC(7) Using 2 workers of 2 for marking
[2024-12-16T10:56:22.027+0100][1,780s] GC(7) Concurrent Mark From Roots 2,719ms
[2024-12-16T10:56:22.027+0100][1,780s] GC(7) Concurrent Preclean
[2024-12-16T10:56:22.027+0100][1,780s] GC(7) Concurrent Preclean 0,011ms
[2024-12-16T10:56:22.027+0100][1,780s] GC(7) Pause Remark
[2024-12-16T10:56:22.028+0100][1,781s] GC(7) Pause Remark 28M->28M(512M) 1,151ms
[2024-12-16T10:56:22.028+0100][1,781s] GC(7) User=0,00s Sys=0,01s Real=0,00s
[2024-12-16T10:56:22.028+0100][1,781s] GC(7) Concurrent Mark 4,070ms
[2024-12-16T10:56:22.028+0100][1,781s] GC(7) Concurrent Rebuild Remembered Sets and Scrub Regions
[2024-12-16T10:56:22.030+0100][1,783s] GC(7) Concurrent Rebuild Remembered Sets and Scrub Regions 1,569ms
[2024-12-16T10:56:22.030+0100][1,783s] GC(7) Pause Cleanup
[2024-12-16T10:56:22.030+0100][1,783s] GC(7) Pause Cleanup 28M->28M(512M) 0,043ms
[2024-12-16T10:56:22.030+0100][1,783s] GC(7) User=0,00s Sys=0,00s Real=0,00s
[2024-12-16T10:56:22.030+0100][1,783s] GC(7) Concurrent Clear Claimed Marks
[2024-12-16T10:56:22.030+0100][1,783s] GC(7) Concurrent Clear Claimed Marks 0,011ms
[2024-12-16T10:56:22.030+0100][1,783s] GC(7) Concurrent Cleanup for Next Mark
[2024-12-16T10:56:22.030+0100][1,783s] GC(7) Concurrent Cleanup for Next Mark 0,220ms
[2024-12-16T10:56:22.030+0100][1,783s] GC(7) Concurrent Mark Cycle 8,204ms
[2024-12-16T10:57:07.741+0100][47,495s] GC(8) Pause Young (Prepare Mixed) (Metadata GC Threshold)
[2024-12-16T10:57:07.742+0100][47,496s] GC(8) Using 8 workers of 8 for evacuation
[2024-12-16T10:57:07.807+0100][47,561s] GC(8)   Pre Evacuate Collection Set: 0,5ms
[2024-12-16T10:57:07.807+0100][47,561s] GC(8)   Merge Heap Roots: 0,4ms
[2024-12-16T10:57:07.807+0100][47,561s] GC(8)   Evacuate Collection Set: 63,5ms
[2024-12-16T10:57:07.807+0100][47,561s] GC(8)   Post Evacuate Collection Set: 1,0ms
[2024-12-16T10:57:07.808+0100][47,562s] GC(8)   Other: 0,6ms
[2024-12-16T10:57:07.808+0100][47,562s] GC(8) Eden regions: 186->0(272)
[2024-12-16T10:57:07.808+0100][47,562s] GC(8) Survivor regions: 16->35(39)
[2024-12-16T10:57:07.808+0100][47,562s] GC(8) Old regions: 8->8
[2024-12-16T10:57:07.808+0100][47,562s] GC(8) Humongous regions: 4->4
[2024-12-16T10:57:07.808+0100][47,562s] GC(8) Metaspace: 60950K(61696K)->60950K(61696K) NonClass: 53457K(53824K)->53457K(53824K) Class: 7493K(7872K)->7493K(7872K)
[2024-12-16T10:57:07.808+0100][47,562s] GC(8) Pause Young (Prepare Mixed) (Metadata GC Threshold) 213M->45M(512M) 67,789ms
[2024-12-16T10:57:07.808+0100][47,562s] GC(8) User=0,08s Sys=0,21s Real=0,07s
[2024-12-16T10:57:35.217+0100][74,971s] GC(9) Pause Young (Mixed) (Metadata GC Threshold)
[2024-12-16T10:57:35.217+0100][74,972s] GC(9) Using 8 workers of 8 for evacuation
[2024-12-16T10:57:35.229+0100][74,983s] GC(9)   Pre Evacuate Collection Set: 0,1ms
[2024-12-16T10:57:35.229+0100][74,983s] GC(9)   Merge Heap Roots: 0,0ms
[2024-12-16T10:57:35.229+0100][74,983s] GC(9)   Evacuate Collection Set: 10,7ms
[2024-12-16T10:57:35.229+0100][74,983s] GC(9)   Post Evacuate Collection Set: 0,9ms
[2024-12-16T10:57:35.229+0100][74,983s] GC(9)   Other: 0,1ms
[2024-12-16T10:57:35.229+0100][74,983s] GC(9) Eden regions: 8->0(287)
[2024-12-16T10:57:35.229+0100][74,983s] GC(9) Survivor regions: 35->20(39)
[2024-12-16T10:57:35.229+0100][74,983s] GC(9) Old regions: 8->23
[2024-12-16T10:57:35.229+0100][74,983s] GC(9) Humongous regions: 4->4
[2024-12-16T10:57:35.229+0100][74,983s] GC(9) Metaspace: 61268K(62016K)->61268K(62016K) NonClass: 53744K(54144K)->53744K(54144K) Class: 7524K(7872K)->7524K(7872K)
[2024-12-16T10:57:35.229+0100][74,983s] GC(9) Pause Young (Mixed) (Metadata GC Threshold) 53M->46M(512M) 12,160ms
[2024-12-16T10:57:35.229+0100][74,983s] GC(9) User=0,06s Sys=0,01s Real=0,01s
[2024-12-16T11:10:25.600+0100][578,716s] GC(10) Pause Young (Concurrent Start) (Metadata GC Threshold)
[2024-12-16T11:10:25.601+0100][578,716s] GC(10) Using 8 workers of 8 for evacuation
[2024-12-16T11:10:25.625+0100][578,740s] GC(10)   Pre Evacuate Collection Set: 0,6ms
[2024-12-16T11:10:25.625+0100][578,740s] GC(10)   Merge Heap Roots: 0,1ms
[2024-12-16T11:10:25.625+0100][578,740s] GC(10)   Evacuate Collection Set: 22,4ms
[2024-12-16T11:10:25.625+0100][578,740s] GC(10)   Post Evacuate Collection Set: 0,5ms
[2024-12-16T11:10:25.625+0100][578,740s] GC(10)   Other: 0,2ms
[2024-12-16T11:10:25.625+0100][578,740s] GC(10) Eden regions: 10->0(287)
[2024-12-16T11:10:25.625+0100][578,740s] GC(10) Survivor regions: 20->20(39)
[2024-12-16T11:10:25.625+0100][578,740s] GC(10) Old regions: 23->23
[2024-12-16T11:10:25.625+0100][578,740s] GC(10) Humongous regions: 4->4
[2024-12-16T11:10:25.625+0100][578,740s] GC(10) Metaspace: 61606K(62336K)->61606K(62336K) NonClass: 54073K(54464K)->54073K(54464K) Class: 7532K(7872K)->7532K(7872K)
[2024-12-16T11:10:25.625+0100][578,741s] GC(10) Pause Young (Concurrent Start) (Metadata GC Threshold) 56M->46M(512M) 24,832ms
[2024-12-16T11:10:25.625+0100][578,741s] GC(10) User=0,04s Sys=0,06s Real=0,02s
[2024-12-16T11:10:25.625+0100][578,741s] GC(11) Concurrent Mark Cycle
[2024-12-16T11:10:25.625+0100][578,741s] GC(11) Concurrent Scan Root Regions
[2024-12-16T11:10:25.630+0100][578,746s] GC(11) Concurrent Scan Root Regions 5,331ms
[2024-12-16T11:10:25.630+0100][578,746s] GC(11) Concurrent Mark
[2024-12-16T11:10:25.630+0100][578,746s] GC(11) Concurrent Mark From Roots
[2024-12-16T11:10:25.630+0100][578,746s] GC(11) Using 2 workers of 2 for marking
[2024-12-16T11:10:25.641+0100][578,757s] GC(11) Concurrent Mark From Roots 10,602ms
[2024-12-16T11:10:25.641+0100][578,757s] GC(11) Concurrent Preclean
[2024-12-16T11:10:25.641+0100][578,757s] GC(11) Concurrent Preclean 0,125ms
[2024-12-16T11:10:25.641+0100][578,757s] GC(11) Pause Remark
[2024-12-16T11:10:25.656+0100][578,772s] GC(11) Pause Remark 47M->47M(512M) 14,886ms
[2024-12-16T11:10:25.656+0100][578,772s] GC(11) User=0,02s Sys=0,05s Real=0,01s
[2024-12-16T11:10:25.656+0100][578,772s] GC(11) Concurrent Mark 25,787ms
[2024-12-16T11:10:25.656+0100][578,772s] GC(11) Concurrent Rebuild Remembered Sets and Scrub Regions
[2024-12-16T11:10:25.660+0100][578,776s] GC(11) Concurrent Rebuild Remembered Sets and Scrub Regions 3,870ms
[2024-12-16T11:10:25.660+0100][578,776s] GC(11) Pause Cleanup
[2024-12-16T11:10:25.660+0100][578,776s] GC(11) Pause Cleanup 47M->47M(512M) 0,069ms
[2024-12-16T11:10:25.660+0100][578,776s] GC(11) User=0,00s Sys=0,00s Real=0,00s
[2024-12-16T11:10:25.660+0100][578,776s] GC(11) Concurrent Clear Claimed Marks
[2024-12-16T11:10:25.660+0100][578,776s] GC(11) Concurrent Clear Claimed Marks 0,021ms
[2024-12-16T11:10:25.660+0100][578,776s] GC(11) Concurrent Cleanup for Next Mark
[2024-12-16T11:10:25.663+0100][578,779s] GC(11) Concurrent Cleanup for Next Mark 3,020ms
[2024-12-16T11:10:25.663+0100][578,779s] GC(11) Concurrent Mark Cycle 38,243ms
[2024-12-16T11:59:32.933+0100][3407,127s] Heap
[2024-12-16T11:59:32.933+0100][3407,128s]  garbage-first heap   total 524288K, used 216583K [0x00000007e0000000, 0x0000000800000000)
[2024-12-16T11:59:32.933+0100][3407,128s]   region size 1024K, 185 young (189440K), 20 survivors (20480K)
[2024-12-16T11:59:32.933+0100][3407,128s]  Metaspace       used 64329K, committed 65024K, reserved 1114112K
[2024-12-16T11:59:32.933+0100][3407,128s]   class space    used 7681K, committed 8000K, reserved 1048576K
