[2024-12-17T22:23:55.408+0100][0.005s] CardTable entry size: 512
[2024-12-17T22:23:55.408+0100][0.005s] Using G1
[2024-12-17T22:23:55.488+0100][0.085s] Version: 21+35-LTS-2513 (release)
[2024-12-17T22:23:55.489+0100][0.086s] CPUs: 8 total, 8 available
[2024-12-17T22:23:55.489+0100][0.086s] Memory: 8192M
[2024-12-17T22:23:55.489+0100][0.086s] Large Page Support: Disabled
[2024-12-17T22:23:55.489+0100][0.086s] NUMA Support: Disabled
[2024-12-17T22:23:55.489+0100][0.086s] Compressed Oops: Enabled (Zero based)
[2024-12-17T22:23:55.489+0100][0.086s] Heap Region Size: 1M
[2024-12-17T22:23:55.489+0100][0.086s] Heap Min Capacity: 512M
[2024-12-17T22:23:55.489+0100][0.086s] Heap Initial Capacity: 512M
[2024-12-17T22:23:55.489+0100][0.086s] Heap Max Capacity: 512M
[2024-12-17T22:23:55.489+0100][0.086s] Pre-touch: Enabled
[2024-12-17T22:23:55.489+0100][0.086s] Parallel Workers: 8
[2024-12-17T22:23:55.489+0100][0.086s] Concurrent Workers: 2
[2024-12-17T22:23:55.489+0100][0.086s] Concurrent Refinement Workers: 8
[2024-12-17T22:23:55.489+0100][0.086s] Periodic GC: Disabled
[2024-12-17T22:23:55.493+0100][0.090s] CDS archive(s) mapped at: [0x000000a000000000-0x000000a000ca4000-0x000000a000ca4000), size 13254656, SharedBaseAddress: 0x000000a000000000, ArchiveRelocationMode: 1.
[2024-12-17T22:23:55.493+0100][0.090s] Compressed class space mapped at: 0x000000a001000000-0x000000a041000000, reserved size: 1073741824
[2024-12-17T22:23:55.493+0100][0.090s] Narrow klass base: 0x000000a000000000, Narrow klass shift: 0, Narrow klass range: 0x100000000
[2024-12-17T22:23:55.860+0100][0,457s] GC(0) Pause Young (Normal) (G1 Evacuation Pause)
[2024-12-17T22:23:55.861+0100][0,458s] GC(0) Using 8 workers of 8 for evacuation
[2024-12-17T22:23:55.862+0100][0,459s] GC(0)   Pre Evacuate Collection Set: 0,1ms
[2024-12-17T22:23:55.862+0100][0,459s] GC(0)   Merge Heap Roots: 0,0ms
[2024-12-17T22:23:55.862+0100][0,459s] GC(0)   Evacuate Collection Set: 1,1ms
[2024-12-17T22:23:55.862+0100][0,459s] GC(0)   Post Evacuate Collection Set: 0,2ms
[2024-12-17T22:23:55.862+0100][0,459s] GC(0)   Other: 0,2ms
[2024-12-17T22:23:55.862+0100][0,459s] GC(0) Eden regions: 29->0(54)
[2024-12-17T22:23:55.862+0100][0,459s] GC(0) Survivor regions: 0->4(4)
[2024-12-17T22:23:55.862+0100][0,459s] GC(0) Old regions: 2->2
[2024-12-17T22:23:55.862+0100][0,459s] GC(0) Humongous regions: 0->0
[2024-12-17T22:23:55.862+0100][0,459s] GC(0) Metaspace: 9264K(9536K)->9264K(9536K) NonClass: 8206K(8320K)->8206K(8320K) Class: 1057K(1216K)->1057K(1216K)
[2024-12-17T22:23:55.862+0100][0,459s] GC(0) Pause Young (Normal) (G1 Evacuation Pause) 30M->4M(512M) 1,777ms
[2024-12-17T22:23:55.862+0100][0,459s] GC(0) User=0,00s Sys=0,01s Real=0,00s
[2024-12-17T22:23:56.262+0100][0,859s] GC(1) Pause Young (Normal) (G1 Evacuation Pause)
[2024-12-17T22:23:56.262+0100][0,859s] GC(1) Using 8 workers of 8 for evacuation
[2024-12-17T22:23:56.266+0100][0,863s] GC(1)   Pre Evacuate Collection Set: 0,1ms
[2024-12-17T22:23:56.266+0100][0,863s] GC(1)   Merge Heap Roots: 0,0ms
[2024-12-17T22:23:56.267+0100][0,863s] GC(1)   Evacuate Collection Set: 3,7ms
[2024-12-17T22:23:56.267+0100][0,863s] GC(1)   Post Evacuate Collection Set: 0,2ms
[2024-12-17T22:23:56.267+0100][0,864s] GC(1)   Other: 0,0ms
[2024-12-17T22:23:56.267+0100][0,864s] GC(1) Eden regions: 54->0(150)
[2024-12-17T22:23:56.267+0100][0,864s] GC(1) Survivor regions: 4->8(8)
[2024-12-17T22:23:56.267+0100][0,864s] GC(1) Old regions: 2->9
[2024-12-17T22:23:56.267+0100][0,864s] GC(1) Humongous regions: 4->4
[2024-12-17T22:23:56.267+0100][0,864s] GC(1) Metaspace: 19463K(19840K)->19463K(19840K) NonClass: 17202K(17408K)->17202K(17408K) Class: 2261K(2432K)->2261K(2432K)
[2024-12-17T22:23:56.267+0100][0,864s] GC(1) Pause Young (Normal) (G1 Evacuation Pause) 62M->19M(512M) 4,253ms
[2024-12-17T22:23:56.267+0100][0,864s] GC(1) User=0,03s Sys=0,00s Real=0,00s
[2024-12-17T22:23:56.475+0100][1,072s] GC(2) Pause Young (Concurrent Start) (Metadata GC Threshold)
[2024-12-17T22:23:56.475+0100][1,072s] GC(2) Using 8 workers of 8 for evacuation
[2024-12-17T22:23:56.478+0100][1,075s] GC(2)   Pre Evacuate Collection Set: 0,1ms
[2024-12-17T22:23:56.478+0100][1,075s] GC(2)   Merge Heap Roots: 0,0ms
[2024-12-17T22:23:56.478+0100][1,075s] GC(2)   Evacuate Collection Set: 2,6ms
[2024-12-17T22:23:56.478+0100][1,075s] GC(2)   Post Evacuate Collection Set: 0,2ms
[2024-12-17T22:23:56.478+0100][1,075s] GC(2)   Other: 0,0ms
[2024-12-17T22:23:56.478+0100][1,075s] GC(2) Eden regions: 103->0(294)
[2024-12-17T22:23:56.478+0100][1,075s] GC(2) Survivor regions: 8->13(17)
[2024-12-17T22:23:56.478+0100][1,075s] GC(2) Old regions: 9->9
[2024-12-17T22:23:56.478+0100][1,075s] GC(2) Humongous regions: 4->4
[2024-12-17T22:23:56.478+0100][1,075s] GC(2) Metaspace: 21052K(21504K)->21052K(21504K) NonClass: 18621K(18816K)->18621K(18816K) Class: 2431K(2688K)->2431K(2688K)
[2024-12-17T22:23:56.478+0100][1,075s] GC(2) Pause Young (Concurrent Start) (Metadata GC Threshold) 122M->24M(512M) 3,119ms
[2024-12-17T22:23:56.478+0100][1,075s] GC(3) Concurrent Mark Cycle
[2024-12-17T22:23:56.478+0100][1,075s] GC(2) User=0,02s Sys=0,00s Real=0,00s
[2024-12-17T22:23:56.478+0100][1,075s] GC(3) Concurrent Scan Root Regions
[2024-12-17T22:23:56.480+0100][1,077s] GC(3) Concurrent Scan Root Regions 1,622ms
[2024-12-17T22:23:56.480+0100][1,077s] GC(3) Concurrent Mark
[2024-12-17T22:23:56.480+0100][1,077s] GC(3) Concurrent Mark From Roots
[2024-12-17T22:23:56.480+0100][1,077s] GC(3) Using 2 workers of 2 for marking
[2024-12-17T22:23:56.483+0100][1,080s] GC(3) Concurrent Mark From Roots 3,012ms
[2024-12-17T22:23:56.483+0100][1,080s] GC(3) Concurrent Preclean
[2024-12-17T22:23:56.483+0100][1,080s] GC(3) Concurrent Preclean 0,025ms
[2024-12-17T22:23:56.484+0100][1,081s] GC(3) Pause Remark
[2024-12-17T22:23:56.485+0100][1,082s] GC(3) Pause Remark 25M->25M(512M) 0,922ms
[2024-12-17T22:23:56.485+0100][1,082s] GC(3) User=0,01s Sys=0,00s Real=0,00s
[2024-12-17T22:23:56.485+0100][1,082s] GC(3) Concurrent Mark 4,880ms
[2024-12-17T22:23:56.485+0100][1,082s] GC(3) Concurrent Rebuild Remembered Sets and Scrub Regions
[2024-12-17T22:23:56.487+0100][1,084s] GC(3) Concurrent Rebuild Remembered Sets and Scrub Regions 1,580ms
[2024-12-17T22:23:56.487+0100][1,084s] GC(3) Pause Cleanup
[2024-12-17T22:23:56.487+0100][1,084s] GC(3) Pause Cleanup 25M->25M(512M) 0,051ms
[2024-12-17T22:23:56.487+0100][1,084s] GC(3) User=0,00s Sys=0,00s Real=0,00s
[2024-12-17T22:23:56.487+0100][1,084s] GC(3) Concurrent Clear Claimed Marks
[2024-12-17T22:23:56.487+0100][1,084s] GC(3) Concurrent Clear Claimed Marks 0,008ms
[2024-12-17T22:23:56.487+0100][1,084s] GC(3) Concurrent Cleanup for Next Mark
[2024-12-17T22:23:56.487+0100][1,084s] GC(3) Concurrent Cleanup for Next Mark 0,499ms
[2024-12-17T22:23:56.487+0100][1,084s] GC(3) Concurrent Mark Cycle 8,794ms
[2024-12-17T22:23:56.968+0100][1,565s] GC(4) Pause Young (Prepare Mixed) (Metadata GC Threshold)
[2024-12-17T22:23:56.968+0100][1,565s] GC(4) Using 8 workers of 8 for evacuation
[2024-12-17T22:23:56.972+0100][1,569s] GC(4)   Pre Evacuate Collection Set: 0,1ms
[2024-12-17T22:23:56.972+0100][1,569s] GC(4)   Merge Heap Roots: 0,0ms
[2024-12-17T22:23:56.972+0100][1,569s] GC(4)   Evacuate Collection Set: 3,2ms
[2024-12-17T22:23:56.972+0100][1,569s] GC(4)   Post Evacuate Collection Set: 0,3ms
[2024-12-17T22:23:56.972+0100][1,569s] GC(4)   Other: 0,0ms
[2024-12-17T22:23:56.972+0100][1,569s] GC(4) Eden regions: 73->0(291)
[2024-12-17T22:23:56.972+0100][1,569s] GC(4) Survivor regions: 13->16(39)
[2024-12-17T22:23:56.972+0100][1,569s] GC(4) Old regions: 9->9
[2024-12-17T22:23:56.972+0100][1,569s] GC(4) Humongous regions: 4->4
[2024-12-17T22:23:56.972+0100][1,569s] GC(4) Metaspace: 35587K(36096K)->35587K(36096K) NonClass: 31471K(31744K)->31471K(31744K) Class: 4115K(4352K)->4115K(4352K)
[2024-12-17T22:23:56.972+0100][1,569s] GC(4) Pause Young (Prepare Mixed) (Metadata GC Threshold) 96M->27M(512M) 3,731ms
[2024-12-17T22:23:56.972+0100][1,569s] GC(4) User=0,02s Sys=0,00s Real=0,01s
[2024-12-17T22:23:56.980+0100][1,577s] GC(5) Pause Young (Mixed) (Metadata GC Threshold)
[2024-12-17T22:23:56.980+0100][1,577s] GC(5) Using 8 workers of 8 for evacuation
[2024-12-17T22:23:56.983+0100][1,580s] GC(5)   Pre Evacuate Collection Set: 0,1ms
[2024-12-17T22:23:56.984+0100][1,581s] GC(5)   Merge Heap Roots: 0,0ms
[2024-12-17T22:23:56.984+0100][1,581s] GC(5)   Evacuate Collection Set: 3,0ms
[2024-12-17T22:23:56.984+0100][1,581s] GC(5)   Post Evacuate Collection Set: 0,3ms
[2024-12-17T22:23:56.984+0100][1,581s] GC(5)   Other: 0,0ms
[2024-12-17T22:23:56.984+0100][1,581s] GC(5) Eden regions: 2->0(290)
[2024-12-17T22:23:56.984+0100][1,581s] GC(5) Survivor regions: 16->17(39)
[2024-12-17T22:23:56.984+0100][1,581s] GC(5) Old regions: 9->8
[2024-12-17T22:23:56.984+0100][1,581s] GC(5) Humongous regions: 4->4
[2024-12-17T22:23:56.984+0100][1,581s] GC(5) Metaspace: 35865K(36416K)->35865K(36416K) NonClass: 31719K(32000K)->31719K(32000K) Class: 4145K(4416K)->4145K(4416K)
[2024-12-17T22:23:56.984+0100][1,581s] GC(5) Pause Young (Mixed) (Metadata GC Threshold) 28M->28M(512M) 3,522ms
[2024-12-17T22:23:56.984+0100][1,581s] GC(5) User=0,02s Sys=0,00s Real=0,00s
[2024-12-17T22:23:56.993+0100][1,590s] GC(6) Pause Young (Concurrent Start) (Metadata GC Threshold)
[2024-12-17T22:23:56.993+0100][1,590s] GC(6) Using 8 workers of 8 for evacuation
[2024-12-17T22:23:56.997+0100][1,594s] GC(6)   Pre Evacuate Collection Set: 0,1ms
[2024-12-17T22:23:56.997+0100][1,594s] GC(6)   Merge Heap Roots: 0,0ms
[2024-12-17T22:23:56.997+0100][1,594s] GC(6)   Evacuate Collection Set: 3,2ms
[2024-12-17T22:23:56.997+0100][1,594s] GC(6)   Post Evacuate Collection Set: 0,3ms
[2024-12-17T22:23:56.997+0100][1,594s] GC(6)   Other: 0,0ms
[2024-12-17T22:23:56.997+0100][1,594s] GC(6) Eden regions: 1->0(290)
[2024-12-17T22:23:56.997+0100][1,594s] GC(6) Survivor regions: 17->17(39)
[2024-12-17T22:23:56.997+0100][1,594s] GC(6) Old regions: 8->8
[2024-12-17T22:23:56.997+0100][1,594s] GC(6) Humongous regions: 4->4
[2024-12-17T22:23:56.997+0100][1,594s] GC(6) Metaspace: 36191K(36736K)->36191K(36736K) NonClass: 32012K(32320K)->32012K(32320K) Class: 4178K(4416K)->4178K(4416K)
[2024-12-17T22:23:56.997+0100][1,594s] GC(6) Pause Young (Concurrent Start) (Metadata GC Threshold) 29M->27M(512M) 3,696ms
[2024-12-17T22:23:56.997+0100][1,594s] GC(7) Concurrent Mark Cycle
[2024-12-17T22:23:56.997+0100][1,594s] GC(6) User=0,03s Sys=0,00s Real=0,00s
[2024-12-17T22:23:56.997+0100][1,594s] GC(7) Concurrent Scan Root Regions
[2024-12-17T22:23:56.999+0100][1,596s] GC(7) Concurrent Scan Root Regions 2,088ms
[2024-12-17T22:23:56.999+0100][1,596s] GC(7) Concurrent Mark
[2024-12-17T22:23:56.999+0100][1,596s] GC(7) Concurrent Mark From Roots
[2024-12-17T22:23:56.999+0100][1,596s] GC(7) Using 2 workers of 2 for marking
[2024-12-17T22:23:57.002+0100][1,599s] GC(7) Concurrent Mark From Roots 2,906ms
[2024-12-17T22:23:57.002+0100][1,599s] GC(7) Concurrent Preclean
[2024-12-17T22:23:57.002+0100][1,599s] GC(7) Concurrent Preclean 0,012ms
[2024-12-17T22:23:57.002+0100][1,599s] GC(7) Pause Remark
[2024-12-17T22:23:57.004+0100][1,601s] GC(7) Pause Remark 28M->28M(512M) 1,600ms
[2024-12-17T22:23:57.004+0100][1,601s] GC(7) User=0,00s Sys=0,00s Real=0,00s
[2024-12-17T22:23:57.004+0100][1,601s] GC(7) Concurrent Mark 4,608ms
[2024-12-17T22:23:57.004+0100][1,601s] GC(7) Concurrent Rebuild Remembered Sets and Scrub Regions
[2024-12-17T22:23:57.005+0100][1,602s] GC(7) Concurrent Rebuild Remembered Sets and Scrub Regions 1,581ms
[2024-12-17T22:23:57.005+0100][1,602s] GC(7) Pause Cleanup
[2024-12-17T22:23:57.005+0100][1,602s] GC(7) Pause Cleanup 28M->28M(512M) 0,052ms
[2024-12-17T22:23:57.005+0100][1,602s] GC(7) User=0,00s Sys=0,00s Real=0,00s
[2024-12-17T22:23:57.005+0100][1,602s] GC(7) Concurrent Clear Claimed Marks
[2024-12-17T22:23:57.005+0100][1,602s] GC(7) Concurrent Clear Claimed Marks 0,012ms
[2024-12-17T22:23:57.005+0100][1,602s] GC(7) Concurrent Cleanup for Next Mark
[2024-12-17T22:23:57.006+0100][1,603s] GC(7) Concurrent Cleanup for Next Mark 0,231ms
[2024-12-17T22:23:57.006+0100][1,603s] GC(7) Concurrent Mark Cycle 8,708ms
[2024-12-17T22:24:43.559+0100][48,156s] GC(8) Pause Young (Prepare Mixed) (Metadata GC Threshold)
[2024-12-17T22:24:43.560+0100][48,157s] GC(8) Using 8 workers of 8 for evacuation
[2024-12-17T22:24:43.621+0100][48,218s] GC(8)   Pre Evacuate Collection Set: 0,3ms
[2024-12-17T22:24:43.621+0100][48,218s] GC(8)   Merge Heap Roots: 0,4ms
[2024-12-17T22:24:43.621+0100][48,218s] GC(8)   Evacuate Collection Set: 59,1ms
[2024-12-17T22:24:43.621+0100][48,218s] GC(8)   Post Evacuate Collection Set: 1,1ms
[2024-12-17T22:24:43.621+0100][48,219s] GC(8)   Other: 0,5ms
[2024-12-17T22:24:43.621+0100][48,219s] GC(8) Eden regions: 187->0(273)
[2024-12-17T22:24:43.621+0100][48,219s] GC(8) Survivor regions: 17->34(39)
[2024-12-17T22:24:43.621+0100][48,219s] GC(8) Old regions: 8->8
[2024-12-17T22:24:43.621+0100][48,219s] GC(8) Humongous regions: 4->4
[2024-12-17T22:24:43.621+0100][48,219s] GC(8) Metaspace: 60791K(61568K)->60791K(61568K) NonClass: 53309K(53696K)->53309K(53696K) Class: 7482K(7872K)->7482K(7872K)
[2024-12-17T22:24:43.621+0100][48,219s] GC(8) Pause Young (Prepare Mixed) (Metadata GC Threshold) 214M->45M(512M) 63,198ms
[2024-12-17T22:24:43.621+0100][48,219s] GC(8) User=0,07s Sys=0,21s Real=0,07s
[2024-12-17T22:24:52.220+0100][56,817s] GC(9) Pause Young (Mixed) (Metadata GC Threshold)
[2024-12-17T22:24:52.220+0100][56,817s] GC(9) Using 8 workers of 8 for evacuation
[2024-12-17T22:24:52.234+0100][56,832s] GC(9)   Pre Evacuate Collection Set: 0,2ms
[2024-12-17T22:24:52.234+0100][56,832s] GC(9)   Merge Heap Roots: 0,1ms
[2024-12-17T22:24:52.234+0100][56,832s] GC(9)   Evacuate Collection Set: 13,4ms
[2024-12-17T22:24:52.234+0100][56,832s] GC(9)   Post Evacuate Collection Set: 0,6ms
[2024-12-17T22:24:52.234+0100][56,832s] GC(9)   Other: 0,1ms
[2024-12-17T22:24:52.234+0100][56,832s] GC(9) Eden regions: 8->0(287)
[2024-12-17T22:24:52.234+0100][56,832s] GC(9) Survivor regions: 34->20(39)
[2024-12-17T22:24:52.234+0100][56,832s] GC(9) Old regions: 8->23
[2024-12-17T22:24:52.234+0100][56,832s] GC(9) Humongous regions: 4->4
[2024-12-17T22:24:52.234+0100][56,832s] GC(9) Metaspace: 61119K(61888K)->61119K(61888K) NonClass: 53606K(54016K)->53606K(54016K) Class: 7513K(7872K)->7513K(7872K)
[2024-12-17T22:24:52.234+0100][56,832s] GC(9) Pause Young (Mixed) (Metadata GC Threshold) 52M->45M(512M) 14,710ms
[2024-12-17T22:24:52.234+0100][56,832s] GC(9) User=0,06s Sys=0,01s Real=0,01s
[2024-12-17T22:25:17.166+0100][81,763s] GC(10) Pause Young (Concurrent Start) (Metadata GC Threshold)
[2024-12-17T22:25:17.166+0100][81,764s] GC(10) Using 8 workers of 8 for evacuation
[2024-12-17T22:25:17.178+0100][81,776s] GC(10)   Pre Evacuate Collection Set: 0,5ms
[2024-12-17T22:25:17.178+0100][81,776s] GC(10)   Merge Heap Roots: 0,0ms
[2024-12-17T22:25:17.178+0100][81,776s] GC(10)   Evacuate Collection Set: 10,9ms
[2024-12-17T22:25:17.178+0100][81,776s] GC(10)   Post Evacuate Collection Set: 0,4ms
[2024-12-17T22:25:17.178+0100][81,776s] GC(10)   Other: 0,1ms
[2024-12-17T22:25:17.178+0100][81,776s] GC(10) Eden regions: 9->0(287)
[2024-12-17T22:25:17.178+0100][81,776s] GC(10) Survivor regions: 20->20(39)
[2024-12-17T22:25:17.178+0100][81,776s] GC(10) Old regions: 23->23
[2024-12-17T22:25:17.178+0100][81,776s] GC(10) Humongous regions: 4->4
[2024-12-17T22:25:17.178+0100][81,776s] GC(10) Metaspace: 61464K(62208K)->61464K(62208K) NonClass: 53932K(54336K)->53932K(54336K) Class: 7531K(7872K)->7531K(7872K)
[2024-12-17T22:25:17.178+0100][81,776s] GC(10) Pause Young (Concurrent Start) (Metadata GC Threshold) 54M->46M(512M) 12,337ms
[2024-12-17T22:25:17.178+0100][81,776s] GC(10) User=0,03s Sys=0,03s Real=0,01s
[2024-12-17T22:25:17.178+0100][81,776s] GC(11) Concurrent Mark Cycle
[2024-12-17T22:25:17.178+0100][81,776s] GC(11) Concurrent Scan Root Regions
[2024-12-17T22:25:17.183+0100][81,780s] GC(11) Concurrent Scan Root Regions 4,517ms
[2024-12-17T22:25:17.183+0100][81,780s] GC(11) Concurrent Mark
[2024-12-17T22:25:17.183+0100][81,780s] GC(11) Concurrent Mark From Roots
[2024-12-17T22:25:17.183+0100][81,780s] GC(11) Using 2 workers of 2 for marking
[2024-12-17T22:25:17.191+0100][81,789s] GC(11) Concurrent Mark From Roots 8,199ms
[2024-12-17T22:25:17.191+0100][81,789s] GC(11) Concurrent Preclean
[2024-12-17T22:25:17.191+0100][81,789s] GC(11) Concurrent Preclean 0,048ms
[2024-12-17T22:25:17.191+0100][81,789s] GC(11) Pause Remark
[2024-12-17T22:25:17.196+0100][81,794s] GC(11) Pause Remark 48M->48M(512M) 5,104ms
[2024-12-17T22:25:17.196+0100][81,794s] GC(11) User=0,01s Sys=0,01s Real=0,00s
[2024-12-17T22:25:17.196+0100][81,794s] GC(11) Concurrent Mark 13,461ms
[2024-12-17T22:25:17.196+0100][81,794s] GC(11) Concurrent Rebuild Remembered Sets and Scrub Regions
[2024-12-17T22:25:17.200+0100][81,798s] GC(11) Concurrent Rebuild Remembered Sets and Scrub Regions 3,644ms
[2024-12-17T22:25:17.200+0100][81,798s] GC(11) Pause Cleanup
[2024-12-17T22:25:17.200+0100][81,798s] GC(11) Pause Cleanup 48M->48M(512M) 0,082ms
[2024-12-17T22:25:17.200+0100][81,798s] GC(11) User=0,01s Sys=0,00s Real=0,00s
[2024-12-17T22:25:17.200+0100][81,798s] GC(11) Concurrent Clear Claimed Marks
[2024-12-17T22:25:17.200+0100][81,798s] GC(11) Concurrent Clear Claimed Marks 0,014ms
[2024-12-17T22:25:17.200+0100][81,798s] GC(11) Concurrent Cleanup for Next Mark
[2024-12-17T22:25:17.202+0100][81,799s] GC(11) Concurrent Cleanup for Next Mark 1,594ms
[2024-12-17T22:25:17.202+0100][81,799s] GC(11) Concurrent Mark Cycle 23,408ms
[2024-12-17T22:27:57.248+0100][241,847s] Heap
[2024-12-17T22:27:57.248+0100][241,847s]  garbage-first heap   total 524288K, used 66662K [0x00000007e0000000, 0x0000000800000000)
[2024-12-17T22:27:57.248+0100][241,847s]   region size 1024K, 39 young (39936K), 20 survivors (20480K)
[2024-12-17T22:27:57.248+0100][241,847s]  Metaspace       used 62056K, committed 62784K, reserved 1114112K
[2024-12-17T22:27:57.248+0100][241,847s]   class space    used 7592K, committed 7936K, reserved 1048576K
