[2024-12-16T11:59:55.503+0100][0.005s] CardTable entry size: 512
[2024-12-16T11:59:55.503+0100][0.005s] Using G1
[2024-12-16T11:59:55.584+0100][0.087s] Version: 21+35-LTS-2513 (release)
[2024-12-16T11:59:55.584+0100][0.087s] CPUs: 8 total, 8 available
[2024-12-16T11:59:55.584+0100][0.087s] Memory: 8192M
[2024-12-16T11:59:55.584+0100][0.087s] Large Page Support: Disabled
[2024-12-16T11:59:55.584+0100][0.087s] NUMA Support: Disabled
[2024-12-16T11:59:55.584+0100][0.087s] Compressed Oops: Enabled (Zero based)
[2024-12-16T11:59:55.584+0100][0.087s] Heap Region Size: 1M
[2024-12-16T11:59:55.584+0100][0.087s] Heap Min Capacity: 512M
[2024-12-16T11:59:55.584+0100][0.087s] Heap Initial Capacity: 512M
[2024-12-16T11:59:55.584+0100][0.087s] Heap Max Capacity: 512M
[2024-12-16T11:59:55.584+0100][0.087s] Pre-touch: Enabled
[2024-12-16T11:59:55.584+0100][0.087s] Parallel Workers: 8
[2024-12-16T11:59:55.584+0100][0.087s] Concurrent Workers: 2
[2024-12-16T11:59:55.584+0100][0.087s] Concurrent Refinement Workers: 8
[2024-12-16T11:59:55.584+0100][0.087s] Periodic GC: Disabled
[2024-12-16T11:59:55.588+0100][0.091s] CDS archive(s) mapped at: [0x0000008800000000-0x0000008800ca4000-0x0000008800ca4000), size 13254656, SharedBaseAddress: 0x0000008800000000, ArchiveRelocationMode: 1.
[2024-12-16T11:59:55.588+0100][0.091s] Compressed class space mapped at: 0x0000008801000000-0x0000008841000000, reserved size: 1073741824
[2024-12-16T11:59:55.588+0100][0.091s] Narrow klass base: 0x0000008800000000, Narrow klass shift: 0, Narrow klass range: 0x100000000
[2024-12-16T11:59:55.963+0100][0,466s] GC(0) Pause Young (Normal) (G1 Evacuation Pause)
[2024-12-16T11:59:55.963+0100][0,466s] GC(0) Using 8 workers of 8 for evacuation
[2024-12-16T11:59:55.965+0100][0,467s] GC(0)   Pre Evacuate Collection Set: 0,1ms
[2024-12-16T11:59:55.965+0100][0,467s] GC(0)   Merge Heap Roots: 0,2ms
[2024-12-16T11:59:55.965+0100][0,467s] GC(0)   Evacuate Collection Set: 1,2ms
[2024-12-16T11:59:55.965+0100][0,467s] GC(0)   Post Evacuate Collection Set: 0,2ms
[2024-12-16T11:59:55.965+0100][0,467s] GC(0)   Other: 0,2ms
[2024-12-16T11:59:55.965+0100][0,467s] GC(0) Eden regions: 29->0(54)
[2024-12-16T11:59:55.965+0100][0,467s] GC(0) Survivor regions: 0->4(4)
[2024-12-16T11:59:55.965+0100][0,467s] GC(0) Old regions: 2->2
[2024-12-16T11:59:55.965+0100][0,467s] GC(0) Humongous regions: 0->0
[2024-12-16T11:59:55.965+0100][0,467s] GC(0) Metaspace: 9252K(9536K)->9252K(9536K) NonClass: 8194K(8320K)->8194K(8320K) Class: 1057K(1216K)->1057K(1216K)
[2024-12-16T11:59:55.965+0100][0,468s] GC(0) Pause Young (Normal) (G1 Evacuation Pause) 30M->4M(512M) 2,086ms
[2024-12-16T11:59:55.965+0100][0,468s] GC(0) User=0,01s Sys=0,00s Real=0,00s
[2024-12-16T11:59:56.345+0100][0,847s] GC(1) Pause Young (Normal) (G1 Evacuation Pause)
[2024-12-16T11:59:56.345+0100][0,847s] GC(1) Using 8 workers of 8 for evacuation
[2024-12-16T11:59:56.350+0100][0,853s] GC(1)   Pre Evacuate Collection Set: 0,1ms
[2024-12-16T11:59:56.350+0100][0,853s] GC(1)   Merge Heap Roots: 0,0ms
[2024-12-16T11:59:56.350+0100][0,853s] GC(1)   Evacuate Collection Set: 5,2ms
[2024-12-16T11:59:56.350+0100][0,853s] GC(1)   Post Evacuate Collection Set: 0,3ms
[2024-12-16T11:59:56.350+0100][0,853s] GC(1)   Other: 0,0ms
[2024-12-16T11:59:56.350+0100][0,853s] GC(1) Eden regions: 54->0(147)
[2024-12-16T11:59:56.350+0100][0,853s] GC(1) Survivor regions: 4->8(8)
[2024-12-16T11:59:56.350+0100][0,853s] GC(1) Old regions: 2->9
[2024-12-16T11:59:56.350+0100][0,853s] GC(1) Humongous regions: 4->4
[2024-12-16T11:59:56.350+0100][0,853s] GC(1) Metaspace: 19460K(19840K)->19460K(19840K) NonClass: 17199K(17408K)->17199K(17408K) Class: 2261K(2432K)->2261K(2432K)
[2024-12-16T11:59:56.350+0100][0,853s] GC(1) Pause Young (Normal) (G1 Evacuation Pause) 62M->19M(512M) 5,853ms
[2024-12-16T11:59:56.350+0100][0,853s] GC(1) User=0,03s Sys=0,01s Real=0,01s
[2024-12-16T11:59:56.557+0100][1,060s] GC(2) Pause Young (Concurrent Start) (Metadata GC Threshold)
[2024-12-16T11:59:56.557+0100][1,060s] GC(2) Using 8 workers of 8 for evacuation
[2024-12-16T11:59:56.561+0100][1,063s] GC(2)   Pre Evacuate Collection Set: 0,1ms
[2024-12-16T11:59:56.561+0100][1,063s] GC(2)   Merge Heap Roots: 0,0ms
[2024-12-16T11:59:56.561+0100][1,063s] GC(2)   Evacuate Collection Set: 3,1ms
[2024-12-16T11:59:56.561+0100][1,063s] GC(2)   Post Evacuate Collection Set: 0,2ms
[2024-12-16T11:59:56.561+0100][1,063s] GC(2)   Other: 0,0ms
[2024-12-16T11:59:56.561+0100][1,063s] GC(2) Eden regions: 102->0(293)
[2024-12-16T11:59:56.561+0100][1,063s] GC(2) Survivor regions: 8->14(18)
[2024-12-16T11:59:56.561+0100][1,063s] GC(2) Old regions: 9->9
[2024-12-16T11:59:56.561+0100][1,063s] GC(2) Humongous regions: 4->4
[2024-12-16T11:59:56.561+0100][1,063s] GC(2) Metaspace: 21052K(21504K)->21052K(21504K) NonClass: 18621K(18816K)->18621K(18816K) Class: 2431K(2688K)->2431K(2688K)
[2024-12-16T11:59:56.561+0100][1,063s] GC(2) Pause Young (Concurrent Start) (Metadata GC Threshold) 121M->25M(512M) 3,721ms
[2024-12-16T11:59:56.561+0100][1,063s] GC(3) Concurrent Mark Cycle
[2024-12-16T11:59:56.561+0100][1,063s] GC(2) User=0,02s Sys=0,00s Real=0,01s
[2024-12-16T11:59:56.561+0100][1,064s] GC(3) Concurrent Scan Root Regions
[2024-12-16T11:59:56.562+0100][1,065s] GC(3) Concurrent Scan Root Regions 1,633ms
[2024-12-16T11:59:56.562+0100][1,065s] GC(3) Concurrent Mark
[2024-12-16T11:59:56.562+0100][1,065s] GC(3) Concurrent Mark From Roots
[2024-12-16T11:59:56.562+0100][1,065s] GC(3) Using 2 workers of 2 for marking
[2024-12-16T11:59:56.565+0100][1,068s] GC(3) Concurrent Mark From Roots 2,699ms
[2024-12-16T11:59:56.565+0100][1,068s] GC(3) Concurrent Preclean
[2024-12-16T11:59:56.565+0100][1,068s] GC(3) Concurrent Preclean 0,028ms
[2024-12-16T11:59:56.565+0100][1,068s] GC(3) Pause Remark
[2024-12-16T11:59:56.566+0100][1,069s] GC(3) Pause Remark 26M->26M(512M) 0,874ms
[2024-12-16T11:59:56.566+0100][1,069s] GC(3) User=0,01s Sys=0,00s Real=0,00s
[2024-12-16T11:59:56.566+0100][1,069s] GC(3) Concurrent Mark 3,694ms
[2024-12-16T11:59:56.566+0100][1,069s] GC(3) Concurrent Rebuild Remembered Sets and Scrub Regions
[2024-12-16T11:59:56.568+0100][1,070s] GC(3) Concurrent Rebuild Remembered Sets and Scrub Regions 1,440ms
[2024-12-16T11:59:56.568+0100][1,071s] GC(3) Pause Cleanup
[2024-12-16T11:59:56.568+0100][1,071s] GC(3) Pause Cleanup 26M->26M(512M) 0,064ms
[2024-12-16T11:59:56.568+0100][1,071s] GC(3) User=0,01s Sys=0,00s Real=0,00s
[2024-12-16T11:59:56.568+0100][1,071s] GC(3) Concurrent Clear Claimed Marks
[2024-12-16T11:59:56.568+0100][1,071s] GC(3) Concurrent Clear Claimed Marks 0,007ms
[2024-12-16T11:59:56.568+0100][1,071s] GC(3) Concurrent Cleanup for Next Mark
[2024-12-16T11:59:56.569+0100][1,071s] GC(3) Concurrent Cleanup for Next Mark 0,900ms
[2024-12-16T11:59:56.569+0100][1,072s] GC(3) Concurrent Mark Cycle 8,007ms
[2024-12-16T11:59:57.165+0100][1,668s] GC(4) Pause Young (Prepare Mixed) (Metadata GC Threshold)
[2024-12-16T11:59:57.165+0100][1,668s] GC(4) Using 8 workers of 8 for evacuation
[2024-12-16T11:59:57.170+0100][1,673s] GC(4)   Pre Evacuate Collection Set: 0,2ms
[2024-12-16T11:59:57.170+0100][1,673s] GC(4)   Merge Heap Roots: 0,0ms
[2024-12-16T11:59:57.170+0100][1,673s] GC(4)   Evacuate Collection Set: 4,2ms
[2024-12-16T11:59:57.170+0100][1,673s] GC(4)   Post Evacuate Collection Set: 0,7ms
[2024-12-16T11:59:57.170+0100][1,673s] GC(4)   Other: 0,0ms
[2024-12-16T11:59:57.170+0100][1,673s] GC(4) Eden regions: 73->0(290)
[2024-12-16T11:59:57.170+0100][1,673s] GC(4) Survivor regions: 14->17(39)
[2024-12-16T11:59:57.171+0100][1,673s] GC(4) Old regions: 9->9
[2024-12-16T11:59:57.171+0100][1,673s] GC(4) Humongous regions: 4->4
[2024-12-16T11:59:57.171+0100][1,673s] GC(4) Metaspace: 35619K(36160K)->35619K(36160K) NonClass: 31501K(31808K)->31501K(31808K) Class: 4117K(4352K)->4117K(4352K)
[2024-12-16T11:59:57.171+0100][1,673s] GC(4) Pause Young (Prepare Mixed) (Metadata GC Threshold) 98M->27M(512M) 5,258ms
[2024-12-16T11:59:57.171+0100][1,673s] GC(4) User=0,03s Sys=0,00s Real=0,01s
[2024-12-16T11:59:57.184+0100][1,687s] GC(5) Pause Young (Mixed) (Metadata GC Threshold)
[2024-12-16T11:59:57.184+0100][1,687s] GC(5) Using 8 workers of 8 for evacuation
[2024-12-16T11:59:57.189+0100][1,692s] GC(5)   Pre Evacuate Collection Set: 0,1ms
[2024-12-16T11:59:57.189+0100][1,692s] GC(5)   Merge Heap Roots: 0,0ms
[2024-12-16T11:59:57.189+0100][1,692s] GC(5)   Evacuate Collection Set: 4,2ms
[2024-12-16T11:59:57.189+0100][1,692s] GC(5)   Post Evacuate Collection Set: 0,5ms
[2024-12-16T11:59:57.189+0100][1,692s] GC(5)   Other: 0,0ms
[2024-12-16T11:59:57.189+0100][1,692s] GC(5) Eden regions: 2->0(291)
[2024-12-16T11:59:57.189+0100][1,692s] GC(5) Survivor regions: 17->16(39)
[2024-12-16T11:59:57.189+0100][1,692s] GC(5) Old regions: 9->8
[2024-12-16T11:59:57.189+0100][1,692s] GC(5) Humongous regions: 4->4
[2024-12-16T11:59:57.189+0100][1,692s] GC(5) Metaspace: 35938K(36480K)->35938K(36480K) NonClass: 31790K(32064K)->31790K(32064K) Class: 4147K(4416K)->4147K(4416K)
[2024-12-16T11:59:57.189+0100][1,692s] GC(5) Pause Young (Mixed) (Metadata GC Threshold) 28M->27M(512M) 5,060ms
[2024-12-16T11:59:57.189+0100][1,692s] GC(5) User=0,02s Sys=0,00s Real=0,00s
[2024-12-16T11:59:57.201+0100][1,704s] GC(6) Pause Young (Concurrent Start) (Metadata GC Threshold)
[2024-12-16T11:59:57.201+0100][1,704s] GC(6) Using 8 workers of 8 for evacuation
[2024-12-16T11:59:57.205+0100][1,708s] GC(6)   Pre Evacuate Collection Set: 0,1ms
[2024-12-16T11:59:57.205+0100][1,708s] GC(6)   Merge Heap Roots: 0,0ms
[2024-12-16T11:59:57.205+0100][1,708s] GC(6)   Evacuate Collection Set: 3,3ms
[2024-12-16T11:59:57.205+0100][1,708s] GC(6)   Post Evacuate Collection Set: 0,7ms
[2024-12-16T11:59:57.205+0100][1,708s] GC(6)   Other: 0,0ms
[2024-12-16T11:59:57.205+0100][1,708s] GC(6) Eden regions: 1->0(290)
[2024-12-16T11:59:57.205+0100][1,708s] GC(6) Survivor regions: 16->17(39)
[2024-12-16T11:59:57.205+0100][1,708s] GC(6) Old regions: 8->8
[2024-12-16T11:59:57.205+0100][1,708s] GC(6) Humongous regions: 4->4
[2024-12-16T11:59:57.205+0100][1,708s] GC(6) Metaspace: 36245K(36800K)->36245K(36800K) NonClass: 32059K(32384K)->32059K(32384K) Class: 4186K(4416K)->4186K(4416K)
[2024-12-16T11:59:57.205+0100][1,708s] GC(6) Pause Young (Concurrent Start) (Metadata GC Threshold) 28M->27M(512M) 4,249ms
[2024-12-16T11:59:57.205+0100][1,708s] GC(7) Concurrent Mark Cycle
[2024-12-16T11:59:57.205+0100][1,708s] GC(6) User=0,02s Sys=0,01s Real=0,00s
[2024-12-16T11:59:57.205+0100][1,708s] GC(7) Concurrent Scan Root Regions
[2024-12-16T11:59:57.208+0100][1,711s] GC(7) Concurrent Scan Root Regions 3,200ms
[2024-12-16T11:59:57.208+0100][1,711s] GC(7) Concurrent Mark
[2024-12-16T11:59:57.208+0100][1,711s] GC(7) Concurrent Mark From Roots
[2024-12-16T11:59:57.208+0100][1,711s] GC(7) Using 2 workers of 2 for marking
[2024-12-16T11:59:57.212+0100][1,714s] GC(7) Concurrent Mark From Roots 3,315ms
[2024-12-16T11:59:57.212+0100][1,715s] GC(7) Concurrent Preclean
[2024-12-16T11:59:57.212+0100][1,715s] GC(7) Concurrent Preclean 0,006ms
[2024-12-16T11:59:57.212+0100][1,715s] GC(7) Pause Remark
[2024-12-16T11:59:57.213+0100][1,716s] GC(7) Pause Remark 28M->28M(512M) 1,601ms
[2024-12-16T11:59:57.213+0100][1,716s] GC(7) User=0,00s Sys=0,00s Real=0,00s
[2024-12-16T11:59:57.213+0100][1,716s] GC(7) Concurrent Mark 5,071ms
[2024-12-16T11:59:57.213+0100][1,716s] GC(7) Concurrent Rebuild Remembered Sets and Scrub Regions
[2024-12-16T11:59:57.215+0100][1,718s] GC(7) Concurrent Rebuild Remembered Sets and Scrub Regions 1,986ms
[2024-12-16T11:59:57.216+0100][1,719s] GC(7) Pause Cleanup
[2024-12-16T11:59:57.216+0100][1,719s] GC(7) Pause Cleanup 28M->28M(512M) 0,103ms
[2024-12-16T11:59:57.216+0100][1,719s] GC(7) User=0,00s Sys=0,00s Real=0,00s
[2024-12-16T11:59:57.216+0100][1,719s] GC(7) Concurrent Clear Claimed Marks
[2024-12-16T11:59:57.216+0100][1,719s] GC(7) Concurrent Clear Claimed Marks 0,018ms
[2024-12-16T11:59:57.216+0100][1,719s] GC(7) Concurrent Cleanup for Next Mark
[2024-12-16T11:59:57.216+0100][1,719s] GC(7) Concurrent Cleanup for Next Mark 0,316ms
[2024-12-16T11:59:57.216+0100][1,719s] GC(7) Concurrent Mark Cycle 11,082ms
[2024-12-16T12:01:03.286+0100][67,788s] GC(8) Pause Young (Concurrent Start) (Metadata GC Threshold)
[2024-12-16T12:01:03.286+0100][67,788s] GC(8) Using 8 workers of 8 for evacuation
[2024-12-16T12:01:03.332+0100][67,834s] GC(8)   Pre Evacuate Collection Set: 0,3ms
[2024-12-16T12:01:03.332+0100][67,834s] GC(8)   Merge Heap Roots: 0,4ms
[2024-12-16T12:01:03.332+0100][67,834s] GC(8)   Evacuate Collection Set: 43,9ms
[2024-12-16T12:01:03.332+0100][67,834s] GC(8)   Post Evacuate Collection Set: 1,2ms
[2024-12-16T12:01:03.332+0100][67,834s] GC(8)   Other: 0,1ms
[2024-12-16T12:01:03.332+0100][67,834s] GC(8) Eden regions: 190->0(272)
[2024-12-16T12:01:03.332+0100][67,834s] GC(8) Survivor regions: 17->35(39)
[2024-12-16T12:01:03.332+0100][67,834s] GC(8) Old regions: 8->8
[2024-12-16T12:01:03.332+0100][67,834s] GC(8) Humongous regions: 4->4
[2024-12-16T12:01:03.332+0100][67,834s] GC(8) Metaspace: 60975K(61760K)->60975K(61760K) NonClass: 53493K(53888K)->53493K(53888K) Class: 7482K(7872K)->7482K(7872K)
[2024-12-16T12:01:03.333+0100][67,835s] GC(8) Pause Young (Concurrent Start) (Metadata GC Threshold) 216M->45M(512M) 46,565ms
[2024-12-16T12:01:03.333+0100][67,835s] GC(8) User=0,08s Sys=0,17s Real=0,05s
[2024-12-16T12:01:03.333+0100][67,835s] GC(9) Concurrent Mark Cycle
[2024-12-16T12:01:03.333+0100][67,835s] GC(9) Concurrent Scan Root Regions
[2024-12-16T12:01:03.343+0100][67,845s] GC(9) Concurrent Scan Root Regions 10,393ms
[2024-12-16T12:01:03.343+0100][67,845s] GC(9) Concurrent Mark
[2024-12-16T12:01:03.343+0100][67,845s] GC(9) Concurrent Mark From Roots
[2024-12-16T12:01:03.343+0100][67,845s] GC(9) Using 2 workers of 2 for marking
[2024-12-16T12:01:03.347+0100][67,849s] GC(9) Concurrent Mark From Roots 3,829ms
[2024-12-16T12:01:03.347+0100][67,849s] GC(9) Concurrent Preclean
[2024-12-16T12:01:03.347+0100][67,849s] GC(9) Concurrent Preclean 0,009ms
[2024-12-16T12:01:03.347+0100][67,849s] GC(9) Pause Remark
[2024-12-16T12:01:03.350+0100][67,852s] GC(9) Pause Remark 49M->49M(512M) 3,277ms
[2024-12-16T12:01:03.350+0100][67,852s] GC(9) User=0,01s Sys=0,00s Real=0,01s
[2024-12-16T12:01:03.350+0100][67,852s] GC(9) Concurrent Mark 7,294ms
[2024-12-16T12:01:03.350+0100][67,852s] GC(9) Concurrent Rebuild Remembered Sets and Scrub Regions
[2024-12-16T12:01:03.352+0100][67,854s] GC(9) Concurrent Rebuild Remembered Sets and Scrub Regions 1,603ms
[2024-12-16T12:01:03.352+0100][67,854s] GC(9) Pause Cleanup
[2024-12-16T12:01:03.352+0100][67,854s] GC(9) Pause Cleanup 49M->49M(512M) 0,098ms
[2024-12-16T12:01:03.352+0100][67,854s] GC(9) User=0,00s Sys=0,00s Real=0,00s
[2024-12-16T12:01:03.352+0100][67,854s] GC(9) Concurrent Clear Claimed Marks
[2024-12-16T12:01:03.352+0100][67,854s] GC(9) Concurrent Clear Claimed Marks 0,015ms
[2024-12-16T12:01:03.352+0100][67,854s] GC(9) Concurrent Cleanup for Next Mark
[2024-12-16T12:01:03.353+0100][67,855s] GC(9) Concurrent Cleanup for Next Mark 1,017ms
[2024-12-16T12:01:03.353+0100][67,855s] GC(9) Concurrent Mark Cycle 20,755ms
[2024-12-16T12:02:16.318+0100][140,819s] Heap
[2024-12-16T12:02:16.318+0100][140,819s]  garbage-first heap   total 524288K, used 66878K [0x00000007e0000000, 0x0000000800000000)
[2024-12-16T12:02:16.318+0100][140,819s]   region size 1024K, 55 young (56320K), 35 survivors (35840K)
[2024-12-16T12:02:16.318+0100][140,819s]  Metaspace       used 62035K, committed 62912K, reserved 1114112K
[2024-12-16T12:02:16.318+0100][140,819s]   class space    used 7622K, committed 8000K, reserved 1048576K
