[2024-12-09T09:07:49.709+0100][0.004s] CardTable entry size: 512
[2024-12-09T09:07:49.709+0100][0.004s] Using G1
[2024-12-09T09:07:49.796+0100][0.090s] Version: 21+35-LTS-2513 (release)
[2024-12-09T09:07:49.797+0100][0.091s] CPUs: 8 total, 8 available
[2024-12-09T09:07:49.797+0100][0.091s] Memory: 8192M
[2024-12-09T09:07:49.797+0100][0.091s] Large Page Support: Disabled
[2024-12-09T09:07:49.797+0100][0.091s] NUMA Support: Disabled
[2024-12-09T09:07:49.797+0100][0.091s] Compressed Oops: Enabled (Zero based)
[2024-12-09T09:07:49.797+0100][0.091s] Heap Region Size: 1M
[2024-12-09T09:07:49.797+0100][0.091s] Heap Min Capacity: 512M
[2024-12-09T09:07:49.797+0100][0.091s] Heap Initial Capacity: 512M
[2024-12-09T09:07:49.797+0100][0.091s] Heap Max Capacity: 512M
[2024-12-09T09:07:49.797+0100][0.091s] Pre-touch: Enabled
[2024-12-09T09:07:49.797+0100][0.091s] Parallel Workers: 8
[2024-12-09T09:07:49.797+0100][0.091s] Concurrent Workers: 2
[2024-12-09T09:07:49.797+0100][0.091s] Concurrent Refinement Workers: 8
[2024-12-09T09:07:49.797+0100][0.091s] Periodic GC: Disabled
[2024-12-09T09:07:49.802+0100][0.097s] CDS archive(s) mapped at: [0x000000e800000000-0x000000e800ca4000-0x000000e800ca4000), size 13254656, SharedBaseAddress: 0x000000e800000000, ArchiveRelocationMode: 1.
[2024-12-09T09:07:49.802+0100][0.097s] Compressed class space mapped at: 0x000000e801000000-0x000000e841000000, reserved size: 1073741824
[2024-12-09T09:07:49.802+0100][0.097s] Narrow klass base: 0x000000e800000000, Narrow klass shift: 0, Narrow klass range: 0x100000000
[2024-12-09T09:07:50.289+0100][0,583s] GC(0) Pause Young (Normal) (G1 Evacuation Pause)
[2024-12-09T09:07:50.289+0100][0,583s] GC(0) Using 8 workers of 8 for evacuation
[2024-12-09T09:07:50.291+0100][0,585s] GC(0)   Pre Evacuate Collection Set: 0,1ms
[2024-12-09T09:07:50.291+0100][0,585s] GC(0)   Merge Heap Roots: 0,0ms
[2024-12-09T09:07:50.291+0100][0,585s] GC(0)   Evacuate Collection Set: 1,5ms
[2024-12-09T09:07:50.291+0100][0,585s] GC(0)   Post Evacuate Collection Set: 0,2ms
[2024-12-09T09:07:50.291+0100][0,585s] GC(0)   Other: 0,2ms
[2024-12-09T09:07:50.291+0100][0,585s] GC(0) Eden regions: 29->0(54)
[2024-12-09T09:07:50.291+0100][0,585s] GC(0) Survivor regions: 0->4(4)
[2024-12-09T09:07:50.291+0100][0,585s] GC(0) Old regions: 2->2
[2024-12-09T09:07:50.291+0100][0,585s] GC(0) Humongous regions: 0->0
[2024-12-09T09:07:50.291+0100][0,585s] GC(0) Metaspace: 9404K(9664K)->9404K(9664K) NonClass: 8324K(8448K)->8324K(8448K) Class: 1079K(1216K)->1079K(1216K)
[2024-12-09T09:07:50.291+0100][0,585s] GC(0) Pause Young (Normal) (G1 Evacuation Pause) 30M->4M(512M) 2,168ms
[2024-12-09T09:07:50.291+0100][0,585s] GC(0) User=0,01s Sys=0,00s Real=0,01s
[2024-12-09T09:07:50.821+0100][1,116s] GC(1) Pause Young (Normal) (G1 Evacuation Pause)
[2024-12-09T09:07:50.822+0100][1,116s] GC(1) Using 8 workers of 8 for evacuation
[2024-12-09T09:07:50.828+0100][1,123s] GC(1)   Pre Evacuate Collection Set: 0,4ms
[2024-12-09T09:07:50.828+0100][1,123s] GC(1)   Merge Heap Roots: 0,0ms
[2024-12-09T09:07:50.828+0100][1,123s] GC(1)   Evacuate Collection Set: 6,0ms
[2024-12-09T09:07:50.828+0100][1,123s] GC(1)   Post Evacuate Collection Set: 0,4ms
[2024-12-09T09:07:50.828+0100][1,123s] GC(1)   Other: 0,0ms
[2024-12-09T09:07:50.828+0100][1,123s] GC(1) Eden regions: 54->0(195)
[2024-12-09T09:07:50.828+0100][1,123s] GC(1) Survivor regions: 4->8(8)
[2024-12-09T09:07:50.828+0100][1,123s] GC(1) Old regions: 2->9
[2024-12-09T09:07:50.828+0100][1,123s] GC(1) Humongous regions: 4->4
[2024-12-09T09:07:50.828+0100][1,123s] GC(1) Metaspace: 19465K(19840K)->19465K(19840K) NonClass: 17205K(17408K)->17205K(17408K) Class: 2260K(2432K)->2260K(2432K)
[2024-12-09T09:07:50.828+0100][1,123s] GC(1) Pause Young (Normal) (G1 Evacuation Pause) 62M->19M(512M) 7,288ms
[2024-12-09T09:07:50.828+0100][1,123s] GC(1) User=0,03s Sys=0,01s Real=0,00s
[2024-12-09T09:07:51.091+0100][1,386s] GC(2) Pause Young (Concurrent Start) (Metadata GC Threshold)
[2024-12-09T09:07:51.091+0100][1,386s] GC(2) Using 8 workers of 8 for evacuation
[2024-12-09T09:07:51.096+0100][1,390s] GC(2)   Pre Evacuate Collection Set: 0,2ms
[2024-12-09T09:07:51.096+0100][1,390s] GC(2)   Merge Heap Roots: 0,0ms
[2024-12-09T09:07:51.096+0100][1,390s] GC(2)   Evacuate Collection Set: 4,0ms
[2024-12-09T09:07:51.096+0100][1,390s] GC(2)   Post Evacuate Collection Set: 0,3ms
[2024-12-09T09:07:51.096+0100][1,390s] GC(2)   Other: 0,0ms
[2024-12-09T09:07:51.096+0100][1,390s] GC(2) Eden regions: 101->0(293)
[2024-12-09T09:07:51.096+0100][1,390s] GC(2) Survivor regions: 8->14(22)
[2024-12-09T09:07:51.096+0100][1,390s] GC(2) Old regions: 9->9
[2024-12-09T09:07:51.096+0100][1,390s] GC(2) Humongous regions: 4->4
[2024-12-09T09:07:51.096+0100][1,390s] GC(2) Metaspace: 21056K(21504K)->21056K(21504K) NonClass: 18622K(18816K)->18622K(18816K) Class: 2434K(2688K)->2434K(2688K)
[2024-12-09T09:07:51.096+0100][1,390s] GC(2) Pause Young (Concurrent Start) (Metadata GC Threshold) 119M->24M(512M) 4,631ms
[2024-12-09T09:07:51.096+0100][1,390s] GC(3) Concurrent Mark Cycle
[2024-12-09T09:07:51.096+0100][1,390s] GC(2) User=0,01s Sys=0,00s Real=0,00s
[2024-12-09T09:07:51.096+0100][1,390s] GC(3) Concurrent Scan Root Regions
[2024-12-09T09:07:51.098+0100][1,393s] GC(3) Concurrent Scan Root Regions 2,098ms
[2024-12-09T09:07:51.098+0100][1,393s] GC(3) Concurrent Mark
[2024-12-09T09:07:51.098+0100][1,393s] GC(3) Concurrent Mark From Roots
[2024-12-09T09:07:51.098+0100][1,393s] GC(3) Using 2 workers of 2 for marking
[2024-12-09T09:07:51.102+0100][1,396s] GC(3) Concurrent Mark From Roots 3,622ms
[2024-12-09T09:07:51.102+0100][1,396s] GC(3) Concurrent Preclean
[2024-12-09T09:07:51.102+0100][1,396s] GC(3) Concurrent Preclean 0,030ms
[2024-12-09T09:07:51.102+0100][1,396s] GC(3) Pause Remark
[2024-12-09T09:07:51.103+0100][1,397s] GC(3) Pause Remark 25M->25M(512M) 1,114ms
[2024-12-09T09:07:51.103+0100][1,397s] GC(3) User=0,01s Sys=0,00s Real=0,00s
[2024-12-09T09:07:51.103+0100][1,398s] GC(3) Concurrent Mark 4,935ms
[2024-12-09T09:07:51.103+0100][1,398s] GC(3) Concurrent Rebuild Remembered Sets and Scrub Regions
[2024-12-09T09:07:51.105+0100][1,400s] GC(3) Concurrent Rebuild Remembered Sets and Scrub Regions 2,108ms
[2024-12-09T09:07:51.105+0100][1,400s] GC(3) Pause Cleanup
[2024-12-09T09:07:51.105+0100][1,400s] GC(3) Pause Cleanup 25M->25M(512M) 0,069ms
[2024-12-09T09:07:51.105+0100][1,400s] GC(3) User=0,00s Sys=0,00s Real=0,00s
[2024-12-09T09:07:51.106+0100][1,400s] GC(3) Concurrent Clear Claimed Marks
[2024-12-09T09:07:51.106+0100][1,400s] GC(3) Concurrent Clear Claimed Marks 0,037ms
[2024-12-09T09:07:51.106+0100][1,400s] GC(3) Concurrent Cleanup for Next Mark
[2024-12-09T09:07:51.108+0100][1,403s] GC(3) Concurrent Cleanup for Next Mark 2,822ms
[2024-12-09T09:07:51.108+0100][1,403s] GC(3) Concurrent Mark Cycle 12,531ms
[2024-12-09T09:07:51.819+0100][2,113s] GC(4) Pause Young (Prepare Mixed) (Metadata GC Threshold)
[2024-12-09T09:07:51.819+0100][2,113s] GC(4) Using 8 workers of 8 for evacuation
[2024-12-09T09:07:51.823+0100][2,118s] GC(4)   Pre Evacuate Collection Set: 0,1ms
[2024-12-09T09:07:51.823+0100][2,118s] GC(4)   Merge Heap Roots: 0,0ms
[2024-12-09T09:07:51.823+0100][2,118s] GC(4)   Evacuate Collection Set: 3,8ms
[2024-12-09T09:07:51.823+0100][2,118s] GC(4)   Post Evacuate Collection Set: 0,4ms
[2024-12-09T09:07:51.823+0100][2,118s] GC(4)   Other: 0,0ms
[2024-12-09T09:07:51.823+0100][2,118s] GC(4) Eden regions: 80->0(291)
[2024-12-09T09:07:51.823+0100][2,118s] GC(4) Survivor regions: 14->16(39)
[2024-12-09T09:07:51.823+0100][2,118s] GC(4) Old regions: 9->9
[2024-12-09T09:07:51.823+0100][2,118s] GC(4) Humongous regions: 4->4
[2024-12-09T09:07:51.823+0100][2,118s] GC(4) Metaspace: 35604K(36160K)->35604K(36160K) NonClass: 31487K(31808K)->31487K(31808K) Class: 4116K(4352K)->4116K(4352K)
[2024-12-09T09:07:51.823+0100][2,118s] GC(4) Pause Young (Prepare Mixed) (Metadata GC Threshold) 104M->27M(512M) 4,554ms
[2024-12-09T09:07:51.823+0100][2,118s] GC(4) User=0,03s Sys=0,00s Real=0,01s
[2024-12-09T09:07:51.829+0100][2,124s] GC(5) Pause Young (Mixed) (Metadata GC Threshold)
[2024-12-09T09:07:51.829+0100][2,124s] GC(5) Using 8 workers of 8 for evacuation
[2024-12-09T09:07:51.833+0100][2,128s] GC(5)   Pre Evacuate Collection Set: 0,1ms
[2024-12-09T09:07:51.833+0100][2,128s] GC(5)   Merge Heap Roots: 0,0ms
[2024-12-09T09:07:51.833+0100][2,128s] GC(5)   Evacuate Collection Set: 3,6ms
[2024-12-09T09:07:51.833+0100][2,128s] GC(5)   Post Evacuate Collection Set: 0,3ms
[2024-12-09T09:07:51.833+0100][2,128s] GC(5)   Other: 0,0ms
[2024-12-09T09:07:51.833+0100][2,128s] GC(5) Eden regions: 2->0(290)
[2024-12-09T09:07:51.833+0100][2,128s] GC(5) Survivor regions: 16->17(39)
[2024-12-09T09:07:51.833+0100][2,128s] GC(5) Old regions: 9->8
[2024-12-09T09:07:51.833+0100][2,128s] GC(5) Humongous regions: 4->4
[2024-12-09T09:07:51.833+0100][2,128s] GC(5) Metaspace: 35891K(36480K)->35891K(36480K) NonClass: 31744K(32064K)->31744K(32064K) Class: 4146K(4416K)->4146K(4416K)
[2024-12-09T09:07:51.833+0100][2,128s] GC(5) Pause Young (Mixed) (Metadata GC Threshold) 28M->27M(512M) 4,108ms
[2024-12-09T09:07:51.833+0100][2,128s] GC(5) User=0,01s Sys=0,01s Real=0,01s
[2024-12-09T09:07:51.844+0100][2,139s] GC(6) Pause Young (Concurrent Start) (Metadata GC Threshold)
[2024-12-09T09:07:51.844+0100][2,139s] GC(6) Using 8 workers of 8 for evacuation
[2024-12-09T09:07:51.847+0100][2,142s] GC(6)   Pre Evacuate Collection Set: 0,1ms
[2024-12-09T09:07:51.847+0100][2,142s] GC(6)   Merge Heap Roots: 0,0ms
[2024-12-09T09:07:51.847+0100][2,142s] GC(6)   Evacuate Collection Set: 2,6ms
[2024-12-09T09:07:51.848+0100][2,142s] GC(6)   Post Evacuate Collection Set: 0,3ms
[2024-12-09T09:07:51.848+0100][2,142s] GC(6)   Other: 0,0ms
[2024-12-09T09:07:51.848+0100][2,142s] GC(6) Eden regions: 1->0(290)
[2024-12-09T09:07:51.848+0100][2,142s] GC(6) Survivor regions: 17->17(39)
[2024-12-09T09:07:51.848+0100][2,142s] GC(6) Old regions: 8->8
[2024-12-09T09:07:51.848+0100][2,142s] GC(6) Humongous regions: 4->4
[2024-12-09T09:07:51.848+0100][2,142s] GC(6) Metaspace: 36220K(36800K)->36220K(36800K) NonClass: 32035K(32384K)->32035K(32384K) Class: 4185K(4416K)->4185K(4416K)
[2024-12-09T09:07:51.848+0100][2,142s] GC(6) Pause Young (Concurrent Start) (Metadata GC Threshold) 28M->28M(512M) 3,176ms
[2024-12-09T09:07:51.848+0100][2,142s] GC(6) User=0,02s Sys=0,00s Real=0,00s
[2024-12-09T09:07:51.848+0100][2,142s] GC(7) Concurrent Mark Cycle
[2024-12-09T09:07:51.848+0100][2,142s] GC(7) Concurrent Scan Root Regions
[2024-12-09T09:07:51.850+0100][2,144s] GC(7) Concurrent Scan Root Regions 2,092ms
[2024-12-09T09:07:51.850+0100][2,144s] GC(7) Concurrent Mark
[2024-12-09T09:07:51.850+0100][2,144s] GC(7) Concurrent Mark From Roots
[2024-12-09T09:07:51.850+0100][2,144s] GC(7) Using 2 workers of 2 for marking
[2024-12-09T09:07:51.852+0100][2,147s] GC(7) Concurrent Mark From Roots 2,804ms
[2024-12-09T09:07:51.852+0100][2,147s] GC(7) Concurrent Preclean
[2024-12-09T09:07:51.852+0100][2,147s] GC(7) Concurrent Preclean 0,013ms
[2024-12-09T09:07:51.853+0100][2,148s] GC(7) Pause Remark
[2024-12-09T09:07:51.854+0100][2,149s] GC(7) Pause Remark 29M->29M(512M) 1,233ms
[2024-12-09T09:07:51.854+0100][2,149s] GC(7) User=0,00s Sys=0,00s Real=0,00s
[2024-12-09T09:07:51.854+0100][2,149s] GC(7) Concurrent Mark 4,613ms
[2024-12-09T09:07:51.854+0100][2,149s] GC(7) Concurrent Rebuild Remembered Sets and Scrub Regions
[2024-12-09T09:07:51.856+0100][2,151s] GC(7) Concurrent Rebuild Remembered Sets and Scrub Regions 1,805ms
[2024-12-09T09:07:51.856+0100][2,151s] GC(7) Pause Cleanup
[2024-12-09T09:07:51.856+0100][2,151s] GC(7) Pause Cleanup 29M->29M(512M) 0,078ms
[2024-12-09T09:07:51.856+0100][2,151s] GC(7) User=0,00s Sys=0,00s Real=0,00s
[2024-12-09T09:07:51.856+0100][2,151s] GC(7) Concurrent Clear Claimed Marks
[2024-12-09T09:07:51.856+0100][2,151s] GC(7) Concurrent Clear Claimed Marks 0,012ms
[2024-12-09T09:07:51.856+0100][2,151s] GC(7) Concurrent Cleanup for Next Mark
[2024-12-09T09:07:51.856+0100][2,151s] GC(7) Concurrent Cleanup for Next Mark 0,224ms
[2024-12-09T09:07:51.856+0100][2,151s] GC(7) Concurrent Mark Cycle 8,933ms
[2024-12-09T09:09:05.908+0100][76,202s] GC(8) Pause Young (Concurrent Start) (Metadata GC Threshold)
[2024-12-09T09:09:05.909+0100][76,204s] GC(8) Using 8 workers of 8 for evacuation
[2024-12-09T09:09:05.979+0100][76,273s] GC(8)   Pre Evacuate Collection Set: 1,6ms
[2024-12-09T09:09:05.979+0100][76,273s] GC(8)   Merge Heap Roots: 1,1ms
[2024-12-09T09:09:05.979+0100][76,273s] GC(8)   Evacuate Collection Set: 65,3ms
[2024-12-09T09:09:05.979+0100][76,273s] GC(8)   Post Evacuate Collection Set: 1,1ms
[2024-12-09T09:09:05.979+0100][76,274s] GC(8)   Other: 0,9ms
[2024-12-09T09:09:05.979+0100][76,274s] GC(8) Eden regions: 189->0(272)
[2024-12-09T09:09:05.979+0100][76,274s] GC(8) Survivor regions: 17->35(39)
[2024-12-09T09:09:05.979+0100][76,274s] GC(8) Old regions: 8->8
[2024-12-09T09:09:05.979+0100][76,274s] GC(8) Humongous regions: 4->4
[2024-12-09T09:09:05.979+0100][76,274s] GC(8) Metaspace: 60975K(61760K)->60975K(61760K) NonClass: 53482K(53888K)->53482K(53888K) Class: 7492K(7872K)->7492K(7872K)
[2024-12-09T09:09:05.979+0100][76,274s] GC(8) Pause Young (Concurrent Start) (Metadata GC Threshold) 216M->46M(512M) 72,016ms
[2024-12-09T09:09:05.979+0100][76,274s] GC(8) User=0,08s Sys=0,18s Real=0,07s
[2024-12-09T09:09:05.979+0100][76,274s] GC(9) Concurrent Mark Cycle
[2024-12-09T09:09:05.979+0100][76,274s] GC(9) Concurrent Scan Root Regions
[2024-12-09T09:09:05.989+0100][76,284s] GC(9) Concurrent Scan Root Regions 9,989ms
[2024-12-09T09:09:05.989+0100][76,284s] GC(9) Concurrent Mark
[2024-12-09T09:09:05.989+0100][76,284s] GC(9) Concurrent Mark From Roots
[2024-12-09T09:09:05.989+0100][76,284s] GC(9) Using 2 workers of 2 for marking
[2024-12-09T09:09:05.993+0100][76,287s] GC(9) Concurrent Mark From Roots 3,607ms
[2024-12-09T09:09:05.993+0100][76,287s] GC(9) Concurrent Preclean
[2024-12-09T09:09:05.993+0100][76,287s] GC(9) Concurrent Preclean 0,016ms
[2024-12-09T09:09:05.993+0100][76,287s] GC(9) Pause Remark
[2024-12-09T09:09:05.996+0100][76,291s] GC(9) Pause Remark 48M->48M(512M) 3,121ms
[2024-12-09T09:09:05.996+0100][76,291s] GC(9) User=0,01s Sys=0,00s Real=0,00s
[2024-12-09T09:09:05.996+0100][76,291s] GC(9) Concurrent Mark 6,912ms
[2024-12-09T09:09:05.996+0100][76,291s] GC(9) Concurrent Rebuild Remembered Sets and Scrub Regions
[2024-12-09T09:09:05.998+0100][76,293s] GC(9) Concurrent Rebuild Remembered Sets and Scrub Regions 1,952ms
[2024-12-09T09:09:05.998+0100][76,293s] GC(9) Pause Cleanup
[2024-12-09T09:09:05.998+0100][76,293s] GC(9) Pause Cleanup 48M->48M(512M) 0,049ms
[2024-12-09T09:09:05.998+0100][76,293s] GC(9) User=0,00s Sys=0,00s Real=0,00s
[2024-12-09T09:09:05.998+0100][76,293s] GC(9) Concurrent Clear Claimed Marks
[2024-12-09T09:09:05.998+0100][76,293s] GC(9) Concurrent Clear Claimed Marks 0,013ms
[2024-12-09T09:09:05.998+0100][76,293s] GC(9) Concurrent Cleanup for Next Mark
[2024-12-09T09:09:05.999+0100][76,294s] GC(9) Concurrent Cleanup for Next Mark 0,951ms
[2024-12-09T09:09:05.999+0100][76,294s] GC(9) Concurrent Mark Cycle 19,963ms
[2024-12-09T09:11:14.678+0100][204,973s] Heap
[2024-12-09T09:11:14.679+0100][204,974s]  garbage-first heap   total 524288K, used 70429K [0x00000007e0000000, 0x0000000800000000)
[2024-12-09T09:11:14.679+0100][204,974s]   region size 1024K, 58 young (59392K), 35 survivors (35840K)
[2024-12-09T09:11:14.679+0100][204,974s]  Metaspace       used 61933K, committed 62720K, reserved 1114112K
[2024-12-09T09:11:14.679+0100][204,974s]   class space    used 7601K, committed 7936K, reserved 1048576K
