[2024-12-12T15:23:28.978+0100][0.004s] CardTable entry size: 512
[2024-12-12T15:23:28.978+0100][0.004s] Using G1
[2024-12-12T15:23:29.060+0100][0.085s] Version: 21+35-LTS-2513 (release)
[2024-12-12T15:23:29.060+0100][0.086s] CPUs: 8 total, 8 available
[2024-12-12T15:23:29.060+0100][0.086s] Memory: 8192M
[2024-12-12T15:23:29.060+0100][0.086s] Large Page Support: Disabled
[2024-12-12T15:23:29.060+0100][0.086s] NUMA Support: Disabled
[2024-12-12T15:23:29.060+0100][0.086s] Compressed Oops: Enabled (Zero based)
[2024-12-12T15:23:29.060+0100][0.086s] Heap Region Size: 1M
[2024-12-12T15:23:29.060+0100][0.086s] Heap Min Capacity: 512M
[2024-12-12T15:23:29.060+0100][0.086s] Heap Initial Capacity: 512M
[2024-12-12T15:23:29.060+0100][0.086s] Heap Max Capacity: 512M
[2024-12-12T15:23:29.060+0100][0.086s] Pre-touch: Enabled
[2024-12-12T15:23:29.060+0100][0.086s] Parallel Workers: 8
[2024-12-12T15:23:29.060+0100][0.086s] Concurrent Workers: 2
[2024-12-12T15:23:29.060+0100][0.086s] Concurrent Refinement Workers: 8
[2024-12-12T15:23:29.060+0100][0.086s] Periodic GC: Disabled
[2024-12-12T15:23:29.064+0100][0.090s] CDS archive(s) mapped at: [0x000000a800000000-0x000000a800ca4000-0x000000a800ca4000), size 13254656, SharedBaseAddress: 0x000000a800000000, ArchiveRelocationMode: 1.
[2024-12-12T15:23:29.064+0100][0.090s] Compressed class space mapped at: 0x000000a801000000-0x000000a841000000, reserved size: 1073741824
[2024-12-12T15:23:29.064+0100][0.090s] Narrow klass base: 0x000000a800000000, Narrow klass shift: 0, Narrow klass range: 0x100000000
[2024-12-12T15:23:29.579+0100][0,604s] GC(0) Pause Young (Normal) (G1 Evacuation Pause)
[2024-12-12T15:23:29.579+0100][0,605s] GC(0) Using 8 workers of 8 for evacuation
[2024-12-12T15:23:29.581+0100][0,606s] GC(0)   Pre Evacuate Collection Set: 0,1ms
[2024-12-12T15:23:29.581+0100][0,606s] GC(0)   Merge Heap Roots: 0,2ms
[2024-12-12T15:23:29.581+0100][0,606s] GC(0)   Evacuate Collection Set: 1,2ms
[2024-12-12T15:23:29.581+0100][0,606s] GC(0)   Post Evacuate Collection Set: 0,2ms
[2024-12-12T15:23:29.581+0100][0,606s] GC(0)   Other: 0,2ms
[2024-12-12T15:23:29.581+0100][0,606s] GC(0) Eden regions: 29->0(54)
[2024-12-12T15:23:29.581+0100][0,606s] GC(0) Survivor regions: 0->4(4)
[2024-12-12T15:23:29.581+0100][0,606s] GC(0) Old regions: 2->2
[2024-12-12T15:23:29.581+0100][0,606s] GC(0) Humongous regions: 0->0
[2024-12-12T15:23:29.581+0100][0,606s] GC(0) Metaspace: 9389K(9664K)->9389K(9664K) NonClass: 8309K(8448K)->8309K(8448K) Class: 1079K(1216K)->1079K(1216K)
[2024-12-12T15:23:29.581+0100][0,607s] GC(0) Pause Young (Normal) (G1 Evacuation Pause) 30M->4M(512M) 2,422ms
[2024-12-12T15:23:29.581+0100][0,607s] GC(0) User=0,01s Sys=0,00s Real=0,01s
[2024-12-12T15:23:29.896+0100][0,922s] GC(1) Pause Young (Normal) (G1 Evacuation Pause)
[2024-12-12T15:23:29.896+0100][0,922s] GC(1) Using 8 workers of 8 for evacuation
[2024-12-12T15:23:29.901+0100][0,927s] GC(1)   Pre Evacuate Collection Set: 0,1ms
[2024-12-12T15:23:29.901+0100][0,927s] GC(1)   Merge Heap Roots: 0,0ms
[2024-12-12T15:23:29.901+0100][0,927s] GC(1)   Evacuate Collection Set: 4,1ms
[2024-12-12T15:23:29.901+0100][0,927s] GC(1)   Post Evacuate Collection Set: 0,2ms
[2024-12-12T15:23:29.901+0100][0,927s] GC(1)   Other: 0,0ms
[2024-12-12T15:23:29.901+0100][0,927s] GC(1) Eden regions: 54->0(156)
[2024-12-12T15:23:29.901+0100][0,927s] GC(1) Survivor regions: 4->8(8)
[2024-12-12T15:23:29.901+0100][0,927s] GC(1) Old regions: 2->9
[2024-12-12T15:23:29.901+0100][0,927s] GC(1) Humongous regions: 4->4
[2024-12-12T15:23:29.901+0100][0,927s] GC(1) Metaspace: 19445K(19840K)->19445K(19840K) NonClass: 17184K(17408K)->17184K(17408K) Class: 2261K(2432K)->2261K(2432K)
[2024-12-12T15:23:29.901+0100][0,927s] GC(1) Pause Young (Normal) (G1 Evacuation Pause) 62M->19M(512M) 4,667ms
[2024-12-12T15:23:29.901+0100][0,927s] GC(1) User=0,03s Sys=0,00s Real=0,01s
[2024-12-12T15:23:30.060+0100][1,086s] GC(2) Pause Young (Concurrent Start) (Metadata GC Threshold)
[2024-12-12T15:23:30.060+0100][1,086s] GC(2) Using 8 workers of 8 for evacuation
[2024-12-12T15:23:30.063+0100][1,089s] GC(2)   Pre Evacuate Collection Set: 0,1ms
[2024-12-12T15:23:30.063+0100][1,089s] GC(2)   Merge Heap Roots: 0,0ms
[2024-12-12T15:23:30.063+0100][1,089s] GC(2)   Evacuate Collection Set: 2,3ms
[2024-12-12T15:23:30.063+0100][1,089s] GC(2)   Post Evacuate Collection Set: 0,2ms
[2024-12-12T15:23:30.063+0100][1,089s] GC(2)   Other: 0,0ms
[2024-12-12T15:23:30.063+0100][1,089s] GC(2) Eden regions: 109->0(293)
[2024-12-12T15:23:30.063+0100][1,089s] GC(2) Survivor regions: 8->14(19)
[2024-12-12T15:23:30.063+0100][1,089s] GC(2) Old regions: 9->9
[2024-12-12T15:23:30.063+0100][1,089s] GC(2) Humongous regions: 4->4
[2024-12-12T15:23:30.063+0100][1,089s] GC(2) Metaspace: 21068K(21504K)->21068K(21504K) NonClass: 18628K(18816K)->18628K(18816K) Class: 2439K(2688K)->2439K(2688K)
[2024-12-12T15:23:30.063+0100][1,089s] GC(2) Pause Young (Concurrent Start) (Metadata GC Threshold) 128M->24M(512M) 2,840ms
[2024-12-12T15:23:30.063+0100][1,089s] GC(3) Concurrent Mark Cycle
[2024-12-12T15:23:30.063+0100][1,089s] GC(2) User=0,02s Sys=0,01s Real=0,00s
[2024-12-12T15:23:30.063+0100][1,089s] GC(3) Concurrent Scan Root Regions
[2024-12-12T15:23:30.065+0100][1,090s] GC(3) Concurrent Scan Root Regions 1,565ms
[2024-12-12T15:23:30.065+0100][1,090s] GC(3) Concurrent Mark
[2024-12-12T15:23:30.065+0100][1,090s] GC(3) Concurrent Mark From Roots
[2024-12-12T15:23:30.065+0100][1,090s] GC(3) Using 2 workers of 2 for marking
[2024-12-12T15:23:30.067+0100][1,093s] GC(3) Concurrent Mark From Roots 2,712ms
[2024-12-12T15:23:30.067+0100][1,093s] GC(3) Concurrent Preclean
[2024-12-12T15:23:30.067+0100][1,093s] GC(3) Concurrent Preclean 0,026ms
[2024-12-12T15:23:30.068+0100][1,093s] GC(3) Pause Remark
[2024-12-12T15:23:30.069+0100][1,094s] GC(3) Pause Remark 25M->25M(512M) 0,902ms
[2024-12-12T15:23:30.069+0100][1,094s] GC(3) User=0,00s Sys=0,00s Real=0,00s
[2024-12-12T15:23:30.069+0100][1,094s] GC(3) Concurrent Mark 4,003ms
[2024-12-12T15:23:30.069+0100][1,094s] GC(3) Concurrent Rebuild Remembered Sets and Scrub Regions
[2024-12-12T15:23:30.070+0100][1,096s] GC(3) Concurrent Rebuild Remembered Sets and Scrub Regions 1,548ms
[2024-12-12T15:23:30.070+0100][1,096s] GC(3) Pause Cleanup
[2024-12-12T15:23:30.070+0100][1,096s] GC(3) Pause Cleanup 25M->25M(512M) 0,064ms
[2024-12-12T15:23:30.070+0100][1,096s] GC(3) User=0,00s Sys=0,00s Real=0,00s
[2024-12-12T15:23:30.070+0100][1,096s] GC(3) Concurrent Clear Claimed Marks
[2024-12-12T15:23:30.070+0100][1,096s] GC(3) Concurrent Clear Claimed Marks 0,007ms
[2024-12-12T15:23:30.070+0100][1,096s] GC(3) Concurrent Cleanup for Next Mark
[2024-12-12T15:23:30.071+0100][1,096s] GC(3) Concurrent Cleanup for Next Mark 0,442ms
[2024-12-12T15:23:30.071+0100][1,096s] GC(3) Concurrent Mark Cycle 7,736ms
[2024-12-12T15:23:30.532+0100][1,558s] GC(4) Pause Young (Prepare Mixed) (Metadata GC Threshold)
[2024-12-12T15:23:30.532+0100][1,558s] GC(4) Using 8 workers of 8 for evacuation
[2024-12-12T15:23:30.536+0100][1,562s] GC(4)   Pre Evacuate Collection Set: 0,1ms
[2024-12-12T15:23:30.536+0100][1,562s] GC(4)   Merge Heap Roots: 0,0ms
[2024-12-12T15:23:30.536+0100][1,562s] GC(4)   Evacuate Collection Set: 2,9ms
[2024-12-12T15:23:30.536+0100][1,562s] GC(4)   Post Evacuate Collection Set: 0,3ms
[2024-12-12T15:23:30.536+0100][1,562s] GC(4)   Other: 0,0ms
[2024-12-12T15:23:30.536+0100][1,562s] GC(4) Eden regions: 80->0(291)
[2024-12-12T15:23:30.536+0100][1,562s] GC(4) Survivor regions: 14->16(39)
[2024-12-12T15:23:30.536+0100][1,562s] GC(4) Old regions: 9->9
[2024-12-12T15:23:30.536+0100][1,562s] GC(4) Humongous regions: 4->4
[2024-12-12T15:23:30.536+0100][1,562s] GC(4) Metaspace: 35596K(36096K)->35596K(36096K) NonClass: 31479K(31744K)->31479K(31744K) Class: 4117K(4352K)->4117K(4352K)
[2024-12-12T15:23:30.536+0100][1,562s] GC(4) Pause Young (Prepare Mixed) (Metadata GC Threshold) 104M->26M(512M) 3,450ms
[2024-12-12T15:23:30.536+0100][1,562s] GC(4) User=0,02s Sys=0,00s Real=0,00s
[2024-12-12T15:23:30.542+0100][1,568s] GC(5) Pause Young (Mixed) (Metadata GC Threshold)
[2024-12-12T15:23:30.542+0100][1,568s] GC(5) Using 8 workers of 8 for evacuation
[2024-12-12T15:23:30.545+0100][1,571s] GC(5)   Pre Evacuate Collection Set: 0,1ms
[2024-12-12T15:23:30.545+0100][1,571s] GC(5)   Merge Heap Roots: 0,0ms
[2024-12-12T15:23:30.545+0100][1,571s] GC(5)   Evacuate Collection Set: 2,5ms
[2024-12-12T15:23:30.545+0100][1,571s] GC(5)   Post Evacuate Collection Set: 0,3ms
[2024-12-12T15:23:30.545+0100][1,571s] GC(5)   Other: 0,0ms
[2024-12-12T15:23:30.545+0100][1,571s] GC(5) Eden regions: 2->0(291)
[2024-12-12T15:23:30.545+0100][1,571s] GC(5) Survivor regions: 16->16(39)
[2024-12-12T15:23:30.545+0100][1,571s] GC(5) Old regions: 9->8
[2024-12-12T15:23:30.545+0100][1,571s] GC(5) Humongous regions: 4->4
[2024-12-12T15:23:30.545+0100][1,571s] GC(5) Metaspace: 35884K(36416K)->35884K(36416K) NonClass: 31738K(32000K)->31738K(32000K) Class: 4145K(4416K)->4145K(4416K)
[2024-12-12T15:23:30.545+0100][1,571s] GC(5) Pause Young (Mixed) (Metadata GC Threshold) 27M->27M(512M) 3,023ms
[2024-12-12T15:23:30.545+0100][1,571s] GC(5) User=0,02s Sys=0,00s Real=0,00s
[2024-12-12T15:23:30.556+0100][1,582s] GC(6) Pause Young (Concurrent Start) (Metadata GC Threshold)
[2024-12-12T15:23:30.556+0100][1,582s] GC(6) Using 8 workers of 8 for evacuation
[2024-12-12T15:23:30.559+0100][1,585s] GC(6)   Pre Evacuate Collection Set: 0,1ms
[2024-12-12T15:23:30.559+0100][1,585s] GC(6)   Merge Heap Roots: 0,0ms
[2024-12-12T15:23:30.559+0100][1,585s] GC(6)   Evacuate Collection Set: 2,3ms
[2024-12-12T15:23:30.559+0100][1,585s] GC(6)   Post Evacuate Collection Set: 0,2ms
[2024-12-12T15:23:30.559+0100][1,585s] GC(6)   Other: 0,0ms
[2024-12-12T15:23:30.559+0100][1,585s] GC(6) Eden regions: 1->0(290)
[2024-12-12T15:23:30.559+0100][1,585s] GC(6) Survivor regions: 16->17(39)
[2024-12-12T15:23:30.559+0100][1,585s] GC(6) Old regions: 8->8
[2024-12-12T15:23:30.559+0100][1,585s] GC(6) Humongous regions: 4->4
[2024-12-12T15:23:30.559+0100][1,585s] GC(6) Metaspace: 36211K(36736K)->36211K(36736K) NonClass: 32026K(32320K)->32026K(32320K) Class: 4185K(4416K)->4185K(4416K)
[2024-12-12T15:23:30.559+0100][1,585s] GC(6) Pause Young (Concurrent Start) (Metadata GC Threshold) 28M->28M(512M) 2,799ms
[2024-12-12T15:23:30.559+0100][1,585s] GC(7) Concurrent Mark Cycle
[2024-12-12T15:23:30.559+0100][1,585s] GC(6) User=0,02s Sys=0,00s Real=0,00s
[2024-12-12T15:23:30.559+0100][1,585s] GC(7) Concurrent Scan Root Regions
[2024-12-12T15:23:30.561+0100][1,587s] GC(7) Concurrent Scan Root Regions 2,039ms
[2024-12-12T15:23:30.561+0100][1,587s] GC(7) Concurrent Mark
[2024-12-12T15:23:30.561+0100][1,587s] GC(7) Concurrent Mark From Roots
[2024-12-12T15:23:30.561+0100][1,587s] GC(7) Using 2 workers of 2 for marking
[2024-12-12T15:23:30.564+0100][1,589s] GC(7) Concurrent Mark From Roots 2,744ms
[2024-12-12T15:23:30.564+0100][1,589s] GC(7) Concurrent Preclean
[2024-12-12T15:23:30.564+0100][1,589s] GC(7) Concurrent Preclean 0,008ms
[2024-12-12T15:23:30.564+0100][1,590s] GC(7) Pause Remark
[2024-12-12T15:23:30.565+0100][1,591s] GC(7) Pause Remark 29M->29M(512M) 1,146ms
[2024-12-12T15:23:30.565+0100][1,591s] GC(7) User=0,00s Sys=0,01s Real=0,00s
[2024-12-12T15:23:30.565+0100][1,591s] GC(7) Concurrent Mark 4,008ms
[2024-12-12T15:23:30.565+0100][1,591s] GC(7) Concurrent Rebuild Remembered Sets and Scrub Regions
[2024-12-12T15:23:30.567+0100][1,592s] GC(7) Concurrent Rebuild Remembered Sets and Scrub Regions 1,572ms
[2024-12-12T15:23:30.567+0100][1,592s] GC(7) Pause Cleanup
[2024-12-12T15:23:30.567+0100][1,592s] GC(7) Pause Cleanup 30M->30M(512M) 0,053ms
[2024-12-12T15:23:30.567+0100][1,592s] GC(7) User=0,00s Sys=0,00s Real=0,00s
[2024-12-12T15:23:30.567+0100][1,592s] GC(7) Concurrent Clear Claimed Marks
[2024-12-12T15:23:30.567+0100][1,592s] GC(7) Concurrent Clear Claimed Marks 0,009ms
[2024-12-12T15:23:30.567+0100][1,592s] GC(7) Concurrent Cleanup for Next Mark
[2024-12-12T15:23:30.567+0100][1,593s] GC(7) Concurrent Cleanup for Next Mark 0,220ms
[2024-12-12T15:23:30.567+0100][1,593s] GC(7) Concurrent Mark Cycle 7,993ms
[2024-12-12T15:23:55.867+0100][26,892s] GC(8) Pause Young (Concurrent Start) (Metadata GC Threshold)
[2024-12-12T15:23:55.868+0100][26,893s] GC(8) Using 8 workers of 8 for evacuation
[2024-12-12T15:23:55.917+0100][26,943s] GC(8)   Pre Evacuate Collection Set: 0,3ms
[2024-12-12T15:23:55.917+0100][26,943s] GC(8)   Merge Heap Roots: 0,1ms
[2024-12-12T15:23:55.918+0100][26,943s] GC(8)   Evacuate Collection Set: 47,8ms
[2024-12-12T15:23:55.918+0100][26,943s] GC(8)   Post Evacuate Collection Set: 1,2ms
[2024-12-12T15:23:55.918+0100][26,943s] GC(8)   Other: 0,4ms
[2024-12-12T15:23:55.918+0100][26,943s] GC(8) Eden regions: 188->0(273)
[2024-12-12T15:23:55.918+0100][26,943s] GC(8) Survivor regions: 17->34(39)
[2024-12-12T15:23:55.918+0100][26,943s] GC(8) Old regions: 8->8
[2024-12-12T15:23:55.918+0100][26,943s] GC(8) Humongous regions: 4->4
[2024-12-12T15:23:55.918+0100][26,943s] GC(8) Metaspace: 61010K(61760K)->61010K(61760K) NonClass: 53508K(53888K)->53508K(53888K) Class: 7501K(7872K)->7501K(7872K)
[2024-12-12T15:23:55.918+0100][26,943s] GC(8) Pause Young (Concurrent Start) (Metadata GC Threshold) 216M->45M(512M) 51,584ms
[2024-12-12T15:23:55.918+0100][26,943s] GC(8) User=0,07s Sys=0,15s Real=0,05s
[2024-12-12T15:23:55.918+0100][26,944s] GC(9) Concurrent Mark Cycle
[2024-12-12T15:23:55.918+0100][26,944s] GC(9) Concurrent Scan Root Regions
[2024-12-12T15:23:55.925+0100][26,951s] GC(9) Concurrent Scan Root Regions 7,030ms
[2024-12-12T15:23:55.925+0100][26,951s] GC(9) Concurrent Mark
[2024-12-12T15:23:55.925+0100][26,951s] GC(9) Concurrent Mark From Roots
[2024-12-12T15:23:55.925+0100][26,951s] GC(9) Using 2 workers of 2 for marking
[2024-12-12T15:23:55.930+0100][26,956s] GC(9) Concurrent Mark From Roots 5,043ms
[2024-12-12T15:23:55.930+0100][26,956s] GC(9) Concurrent Preclean
[2024-12-12T15:23:55.930+0100][26,956s] GC(9) Concurrent Preclean 0,009ms
[2024-12-12T15:23:55.930+0100][26,956s] GC(9) Pause Remark
[2024-12-12T15:23:55.934+0100][26,960s] GC(9) Pause Remark 48M->48M(512M) 3,802ms
[2024-12-12T15:23:55.934+0100][26,960s] GC(9) User=0,01s Sys=0,01s Real=0,00s
[2024-12-12T15:23:55.934+0100][26,960s] GC(9) Concurrent Mark 8,954ms
[2024-12-12T15:23:55.934+0100][26,960s] GC(9) Concurrent Rebuild Remembered Sets and Scrub Regions
[2024-12-12T15:23:55.936+0100][26,961s] GC(9) Concurrent Rebuild Remembered Sets and Scrub Regions 1,629ms
[2024-12-12T15:23:55.936+0100][26,961s] GC(9) Pause Cleanup
[2024-12-12T15:23:55.936+0100][26,962s] GC(9) Pause Cleanup 48M->48M(512M) 0,084ms
[2024-12-12T15:23:55.936+0100][26,962s] GC(9) User=0,00s Sys=0,00s Real=0,00s
[2024-12-12T15:23:55.936+0100][26,962s] GC(9) Concurrent Clear Claimed Marks
[2024-12-12T15:23:55.936+0100][26,962s] GC(9) Concurrent Clear Claimed Marks 0,014ms
[2024-12-12T15:23:55.936+0100][26,962s] GC(9) Concurrent Cleanup for Next Mark
[2024-12-12T15:23:55.938+0100][26,964s] GC(9) Concurrent Cleanup for Next Mark 2,041ms
[2024-12-12T15:23:55.938+0100][26,964s] GC(9) Concurrent Mark Cycle 19,871ms
[2024-12-12T15:25:27.541+0100][118,567s] Heap
[2024-12-12T15:25:27.541+0100][118,567s]  garbage-first heap   total 524288K, used 69165K [0x00000007e0000000, 0x0000000800000000)
[2024-12-12T15:25:27.541+0100][118,567s]   region size 1024K, 56 young (57344K), 34 survivors (34816K)
[2024-12-12T15:25:27.541+0100][118,567s]  Metaspace       used 61936K, committed 62720K, reserved 1114112K
[2024-12-12T15:25:27.541+0100][118,567s]   class space    used 7585K, committed 7936K, reserved 1048576K
